// Jest Snapshot v1, https://goo.gl/fbAQLP

exports[`Ridership tests should render Ridership component 1`] = `
<DocumentFragment>
  <section
    class="pf-v6-c-page__main-section"
  >
    <h1
      class="pf-v6-c-title pf-m-lg"
      data-ouia-component-id="OUIA-Generated-Title-1"
      data-ouia-component-type="PF6/Title"
      data-ouia-safe="true"
    >
      Ridership
    </h1>
    <div
      class="pf-v6-c-content"
      data-ouia-component-id="OUIA-Generated-Content-1"
      data-ouia-component-type="PF6/Content"
      data-ouia-safe="true"
      data-pf-content="true"
    >
      <p
        class="pf-v6-c-content--p"
        data-ouia-component-id="OUIA-Generated-Content-2"
        data-ouia-component-type="PF6/Content"
        data-ouia-safe="true"
        data-pf-content="true"
      >
        Brightline operates passenger trains on a single route in Florida. This site visualizes the ridership and revenue data for those trains as provided monthly by Brightline.
      </p>
      <h3
        class="pf-v6-c-title pf-m-h3"
        data-ouia-component-id="OUIA-Generated-Title-2"
        data-ouia-component-type="PF6/Title"
        data-ouia-safe="true"
      >
        Total Ridership
      </h3>
      <div
        class="pf-v6-c-chart"
        style="height: 100%; width: 100%; user-select: none; pointer-events: none; position: relative;"
      >
        <svg
          height="250"
          role="img"
          style="width: 100%; height: 100%; pointer-events: all;"
          viewBox="0 0 600 250"
          width="600"
        >
          <g
            role="presentation"
          >
            <line
              role="presentation"
              shape-rendering="auto"
              style="stroke: var(--pf-v6-chart-axis--axis--stroke--Color, #c7c7c7); fill: var(--pf-v6-chart-axis--axis--Fill, transparent); stroke-width: 1; stroke-linecap: round; stroke-linejoin: round;"
              vector-effect="non-scaling-stroke"
              x1="100"
              x2="400"
              y1="200"
              y2="200"
            />
            <g
              role="presentation"
            >
              <line
                role="presentation"
                shape-rendering="auto"
                style="stroke: var(--pf-v6-chart-axis--tick--stroke--Color, #c7c7c7); fill: var(--pf-v6-chart-axis--tick--Fill, transparent); size: 5px; stroke-linecap: round; stroke-linejoin: round; stroke-width: 1;"
                vector-effect="non-scaling-stroke"
                x1="100"
                x2="100"
                y1="200"
                y2="205"
              />
              <text
                direction="inherit"
                dx="0"
                id="monthly-ridership-ChartAxis-0-ChartLabel-0"
                x="100"
                y="226.97"
              >
                <tspan
                  dx="0"
                  dy="0"
                  style="font-family: "RedHatText","RedHatText","NotoSansArabic","NotoSansHebrew","NotoSansJP","NotoSansKR","NotoSansMalayalam","NotoSansSC","NotoSansTC","NotoSansThai",Helvetica,Arial,sans-serif; font-size: 14px; letter-spacing: normal; padding: 10px; stroke: var(--pf-v6-chart-global--label--stroke, transparent); fill: var(--pf-v6-chart-axis--tick-label--Fill, #383838); text-anchor: middle;"
                  text-anchor="middle"
                  x="100"
                >
                  Jan
                </tspan>
              </text>
            </g>
            <g
              role="presentation"
            >
              <line
                role="presentation"
                shape-rendering="auto"
                style="stroke: var(--pf-v6-chart-axis--tick--stroke--Color, #c7c7c7); fill: var(--pf-v6-chart-axis--tick--Fill, transparent); size: 5px; stroke-linecap: round; stroke-linejoin: round; stroke-width: 1;"
                vector-effect="non-scaling-stroke"
                x1="127.27272727272728"
                x2="127.27272727272728"
                y1="200"
                y2="205"
              />
              <text
                direction="inherit"
                dx="0"
                id="monthly-ridership-ChartAxis-0-ChartLabel-1"
                x="127.27272727272728"
                y="226.97"
              >
                <tspan
                  dx="0"
                  dy="0"
                  style="font-family: "RedHatText","RedHatText","NotoSansArabic","NotoSansHebrew","NotoSansJP","NotoSansKR","NotoSansMalayalam","NotoSansSC","NotoSansTC","NotoSansThai",Helvetica,Arial,sans-serif; font-size: 14px; letter-spacing: normal; padding: 10px; stroke: var(--pf-v6-chart-global--label--stroke, transparent); fill: var(--pf-v6-chart-axis--tick-label--Fill, #383838); text-anchor: middle;"
                  text-anchor="middle"
                  x="127.27272727272728"
                >
                  Feb
                </tspan>
              </text>
            </g>
            <g
              role="presentation"
            >
              <line
                role="presentation"
                shape-rendering="auto"
                style="stroke: var(--pf-v6-chart-axis--tick--stroke--Color, #c7c7c7); fill: var(--pf-v6-chart-axis--tick--Fill, transparent); size: 5px; stroke-linecap: round; stroke-linejoin: round; stroke-width: 1;"
                vector-effect="non-scaling-stroke"
                x1="154.54545454545456"
                x2="154.54545454545456"
                y1="200"
                y2="205"
              />
              <text
                direction="inherit"
                dx="0"
                id="monthly-ridership-ChartAxis-0-ChartLabel-2"
                x="154.54545454545456"
                y="226.97"
              >
                <tspan
                  dx="0"
                  dy="0"
                  style="font-family: "RedHatText","RedHatText","NotoSansArabic","NotoSansHebrew","NotoSansJP","NotoSansKR","NotoSansMalayalam","NotoSansSC","NotoSansTC","NotoSansThai",Helvetica,Arial,sans-serif; font-size: 14px; letter-spacing: normal; padding: 10px; stroke: var(--pf-v6-chart-global--label--stroke, transparent); fill: var(--pf-v6-chart-axis--tick-label--Fill, #383838); text-anchor: middle;"
                  text-anchor="middle"
                  x="154.54545454545456"
                >
                  Mar
                </tspan>
              </text>
            </g>
            <g
              role="presentation"
            >
              <line
                role="presentation"
                shape-rendering="auto"
                style="stroke: var(--pf-v6-chart-axis--tick--stroke--Color, #c7c7c7); fill: var(--pf-v6-chart-axis--tick--Fill, transparent); size: 5px; stroke-linecap: round; stroke-linejoin: round; stroke-width: 1;"
                vector-effect="non-scaling-stroke"
                x1="181.8181818181818"
                x2="181.8181818181818"
                y1="200"
                y2="205"
              />
              <text
                direction="inherit"
                dx="0"
                id="monthly-ridership-ChartAxis-0-ChartLabel-3"
                x="181.8181818181818"
                y="226.97"
              >
                <tspan
                  dx="0"
                  dy="0"
                  style="font-family: "RedHatText","RedHatText","NotoSansArabic","NotoSansHebrew","NotoSansJP","NotoSansKR","NotoSansMalayalam","NotoSansSC","NotoSansTC","NotoSansThai",Helvetica,Arial,sans-serif; font-size: 14px; letter-spacing: normal; padding: 10px; stroke: var(--pf-v6-chart-global--label--stroke, transparent); fill: var(--pf-v6-chart-axis--tick-label--Fill, #383838); text-anchor: middle;"
                  text-anchor="middle"
                  x="181.8181818181818"
                >
                  Apr
                </tspan>
              </text>
            </g>
            <g
              role="presentation"
            >
              <line
                role="presentation"
                shape-rendering="auto"
                style="stroke: var(--pf-v6-chart-axis--tick--stroke--Color, #c7c7c7); fill: var(--pf-v6-chart-axis--tick--Fill, transparent); size: 5px; stroke-linecap: round; stroke-linejoin: round; stroke-width: 1;"
                vector-effect="non-scaling-stroke"
                x1="209.0909090909091"
                x2="209.0909090909091"
                y1="200"
                y2="205"
              />
              <text
                direction="inherit"
                dx="0"
                id="monthly-ridership-ChartAxis-0-ChartLabel-4"
                x="209.0909090909091"
                y="226.97"
              >
                <tspan
                  dx="0"
                  dy="0"
                  style="font-family: "RedHatText","RedHatText","NotoSansArabic","NotoSansHebrew","NotoSansJP","NotoSansKR","NotoSansMalayalam","NotoSansSC","NotoSansTC","NotoSansThai",Helvetica,Arial,sans-serif; font-size: 14px; letter-spacing: normal; padding: 10px; stroke: var(--pf-v6-chart-global--label--stroke, transparent); fill: var(--pf-v6-chart-axis--tick-label--Fill, #383838); text-anchor: middle;"
                  text-anchor="middle"
                  x="209.0909090909091"
                >
                  May
                </tspan>
              </text>
            </g>
            <g
              role="presentation"
            >
              <line
                role="presentation"
                shape-rendering="auto"
                style="stroke: var(--pf-v6-chart-axis--tick--stroke--Color, #c7c7c7); fill: var(--pf-v6-chart-axis--tick--Fill, transparent); size: 5px; stroke-linecap: round; stroke-linejoin: round; stroke-width: 1;"
                vector-effect="non-scaling-stroke"
                x1="236.36363636363635"
                x2="236.36363636363635"
                y1="200"
                y2="205"
              />
              <text
                direction="inherit"
                dx="0"
                id="monthly-ridership-ChartAxis-0-ChartLabel-5"
                x="236.36363636363635"
                y="226.97"
              >
                <tspan
                  dx="0"
                  dy="0"
                  style="font-family: "RedHatText","RedHatText","NotoSansArabic","NotoSansHebrew","NotoSansJP","NotoSansKR","NotoSansMalayalam","NotoSansSC","NotoSansTC","NotoSansThai",Helvetica,Arial,sans-serif; font-size: 14px; letter-spacing: normal; padding: 10px; stroke: var(--pf-v6-chart-global--label--stroke, transparent); fill: var(--pf-v6-chart-axis--tick-label--Fill, #383838); text-anchor: middle;"
                  text-anchor="middle"
                  x="236.36363636363635"
                >
                  Jun
                </tspan>
              </text>
            </g>
            <g
              role="presentation"
            >
              <line
                role="presentation"
                shape-rendering="auto"
                style="stroke: var(--pf-v6-chart-axis--tick--stroke--Color, #c7c7c7); fill: var(--pf-v6-chart-axis--tick--Fill, transparent); size: 5px; stroke-linecap: round; stroke-linejoin: round; stroke-width: 1;"
                vector-effect="non-scaling-stroke"
                x1="263.6363636363636"
                x2="263.6363636363636"
                y1="200"
                y2="205"
              />
              <text
                direction="inherit"
                dx="0"
                id="monthly-ridership-ChartAxis-0-ChartLabel-6"
                x="263.6363636363636"
                y="226.97"
              >
                <tspan
                  dx="0"
                  dy="0"
                  style="font-family: "RedHatText","RedHatText","NotoSansArabic","NotoSansHebrew","NotoSansJP","NotoSansKR","NotoSansMalayalam","NotoSansSC","NotoSansTC","NotoSansThai",Helvetica,Arial,sans-serif; font-size: 14px; letter-spacing: normal; padding: 10px; stroke: var(--pf-v6-chart-global--label--stroke, transparent); fill: var(--pf-v6-chart-axis--tick-label--Fill, #383838); text-anchor: middle;"
                  text-anchor="middle"
                  x="263.6363636363636"
                >
                  Jul
                </tspan>
              </text>
            </g>
            <g
              role="presentation"
            >
              <line
                role="presentation"
                shape-rendering="auto"
                style="stroke: var(--pf-v6-chart-axis--tick--stroke--Color, #c7c7c7); fill: var(--pf-v6-chart-axis--tick--Fill, transparent); size: 5px; stroke-linecap: round; stroke-linejoin: round; stroke-width: 1;"
                vector-effect="non-scaling-stroke"
                x1="290.9090909090909"
                x2="290.9090909090909"
                y1="200"
                y2="205"
              />
              <text
                direction="inherit"
                dx="0"
                id="monthly-ridership-ChartAxis-0-ChartLabel-7"
                x="290.9090909090909"
                y="226.97"
              >
                <tspan
                  dx="0"
                  dy="0"
                  style="font-family: "RedHatText","RedHatText","NotoSansArabic","NotoSansHebrew","NotoSansJP","NotoSansKR","NotoSansMalayalam","NotoSansSC","NotoSansTC","NotoSansThai",Helvetica,Arial,sans-serif; font-size: 14px; letter-spacing: normal; padding: 10px; stroke: var(--pf-v6-chart-global--label--stroke, transparent); fill: var(--pf-v6-chart-axis--tick-label--Fill, #383838); text-anchor: middle;"
                  text-anchor="middle"
                  x="290.9090909090909"
                >
                  Aug
                </tspan>
              </text>
            </g>
            <g
              role="presentation"
            >
              <line
                role="presentation"
                shape-rendering="auto"
                style="stroke: var(--pf-v6-chart-axis--tick--stroke--Color, #c7c7c7); fill: var(--pf-v6-chart-axis--tick--Fill, transparent); size: 5px; stroke-linecap: round; stroke-linejoin: round; stroke-width: 1;"
                vector-effect="non-scaling-stroke"
                x1="318.1818181818182"
                x2="318.1818181818182"
                y1="200"
                y2="205"
              />
              <text
                direction="inherit"
                dx="0"
                id="monthly-ridership-ChartAxis-0-ChartLabel-8"
                x="318.1818181818182"
                y="226.97"
              >
                <tspan
                  dx="0"
                  dy="0"
                  style="font-family: "RedHatText","RedHatText","NotoSansArabic","NotoSansHebrew","NotoSansJP","NotoSansKR","NotoSansMalayalam","NotoSansSC","NotoSansTC","NotoSansThai",Helvetica,Arial,sans-serif; font-size: 14px; letter-spacing: normal; padding: 10px; stroke: var(--pf-v6-chart-global--label--stroke, transparent); fill: var(--pf-v6-chart-axis--tick-label--Fill, #383838); text-anchor: middle;"
                  text-anchor="middle"
                  x="318.1818181818182"
                >
                  Sep
                </tspan>
              </text>
            </g>
            <g
              role="presentation"
            >
              <line
                role="presentation"
                shape-rendering="auto"
                style="stroke: var(--pf-v6-chart-axis--tick--stroke--Color, #c7c7c7); fill: var(--pf-v6-chart-axis--tick--Fill, transparent); size: 5px; stroke-linecap: round; stroke-linejoin: round; stroke-width: 1;"
                vector-effect="non-scaling-stroke"
                x1="345.4545454545455"
                x2="345.4545454545455"
                y1="200"
                y2="205"
              />
              <text
                direction="inherit"
                dx="0"
                id="monthly-ridership-ChartAxis-0-ChartLabel-9"
                x="345.4545454545455"
                y="226.97"
              >
                <tspan
                  dx="0"
                  dy="0"
                  style="font-family: "RedHatText","RedHatText","NotoSansArabic","NotoSansHebrew","NotoSansJP","NotoSansKR","NotoSansMalayalam","NotoSansSC","NotoSansTC","NotoSansThai",Helvetica,Arial,sans-serif; font-size: 14px; letter-spacing: normal; padding: 10px; stroke: var(--pf-v6-chart-global--label--stroke, transparent); fill: var(--pf-v6-chart-axis--tick-label--Fill, #383838); text-anchor: middle;"
                  text-anchor="middle"
                  x="345.4545454545455"
                >
                  Oct
                </tspan>
              </text>
            </g>
            <g
              role="presentation"
            >
              <line
                role="presentation"
                shape-rendering="auto"
                style="stroke: var(--pf-v6-chart-axis--tick--stroke--Color, #c7c7c7); fill: var(--pf-v6-chart-axis--tick--Fill, transparent); size: 5px; stroke-linecap: round; stroke-linejoin: round; stroke-width: 1;"
                vector-effect="non-scaling-stroke"
                x1="372.72727272727275"
                x2="372.72727272727275"
                y1="200"
                y2="205"
              />
              <text
                direction="inherit"
                dx="0"
                id="monthly-ridership-ChartAxis-0-ChartLabel-10"
                x="372.72727272727275"
                y="226.97"
              >
                <tspan
                  dx="0"
                  dy="0"
                  style="font-family: "RedHatText","RedHatText","NotoSansArabic","NotoSansHebrew","NotoSansJP","NotoSansKR","NotoSansMalayalam","NotoSansSC","NotoSansTC","NotoSansThai",Helvetica,Arial,sans-serif; font-size: 14px; letter-spacing: normal; padding: 10px; stroke: var(--pf-v6-chart-global--label--stroke, transparent); fill: var(--pf-v6-chart-axis--tick-label--Fill, #383838); text-anchor: middle;"
                  text-anchor="middle"
                  x="372.72727272727275"
                >
                  Nov
                </tspan>
              </text>
            </g>
            <g
              role="presentation"
            >
              <line
                role="presentation"
                shape-rendering="auto"
                style="stroke: var(--pf-v6-chart-axis--tick--stroke--Color, #c7c7c7); fill: var(--pf-v6-chart-axis--tick--Fill, transparent); size: 5px; stroke-linecap: round; stroke-linejoin: round; stroke-width: 1;"
                vector-effect="non-scaling-stroke"
                x1="400"
                x2="400"
                y1="200"
                y2="205"
              />
              <text
                direction="inherit"
                dx="0"
                id="monthly-ridership-ChartAxis-0-ChartLabel-11"
                x="400"
                y="226.97"
              >
                <tspan
                  dx="0"
                  dy="0"
                  style="font-family: "RedHatText","RedHatText","NotoSansArabic","NotoSansHebrew","NotoSansJP","NotoSansKR","NotoSansMalayalam","NotoSansSC","NotoSansTC","NotoSansThai",Helvetica,Arial,sans-serif; font-size: 14px; letter-spacing: normal; padding: 10px; stroke: var(--pf-v6-chart-global--label--stroke, transparent); fill: var(--pf-v6-chart-axis--tick-label--Fill, #383838); text-anchor: middle;"
                  text-anchor="middle"
                  x="400"
                >
                  Dec
                </tspan>
              </text>
            </g>
          </g>
          <g
            role="presentation"
          >
            <line
              role="presentation"
              shape-rendering="auto"
              style="stroke: var(--pf-v6-chart-axis--axis--stroke--Color, #c7c7c7); fill: var(--pf-v6-chart-axis--axis--Fill, transparent); stroke-width: 1; stroke-linecap: round; stroke-linejoin: round;"
              vector-effect="non-scaling-stroke"
              x1="100"
              x2="100"
              y1="50"
              y2="200"
            />
            <g
              role="presentation"
            >
              <line
                role="presentation"
                shape-rendering="auto"
                style="stroke: var(--pf-v6-chart-axis--grid--stroke--Color, #c7c7c7); fill: var(--pf-v6-chart-axis--grid--Fill, none); pointer-events: painted; stroke-linecap: round; stroke-linejoin: round;"
                vector-effect="non-scaling-stroke"
                x1="100"
                x2="400"
                y1="200"
                y2="200"
              />
              <line
                role="presentation"
                shape-rendering="auto"
                style="stroke: var(--pf-v6-chart-axis--tick--stroke--Color, #c7c7c7); fill: var(--pf-v6-chart-axis--tick--Fill, transparent); size: 5px; stroke-linecap: round; stroke-linejoin: round; stroke-width: 1;"
                vector-effect="non-scaling-stroke"
                x1="100"
                x2="95"
                y1="200"
                y2="200"
              />
              <text
                direction="inherit"
                dx="0"
                id="monthly-ridership-ChartAxis-1-ChartLabel-0"
                x="85"
                y="204.97"
              >
                <tspan
                  dx="0"
                  dy="0"
                  style="font-family: "RedHatText","RedHatText","NotoSansArabic","NotoSansHebrew","NotoSansJP","NotoSansKR","NotoSansMalayalam","NotoSansSC","NotoSansTC","NotoSansThai",Helvetica,Arial,sans-serif; font-size: 14px; letter-spacing: normal; padding: 10px; stroke: var(--pf-v6-chart-global--label--stroke, transparent); fill: var(--pf-v6-chart-axis--tick-label--Fill, #383838); text-anchor: end;"
                  text-anchor="end"
                  x="85"
                >
                  143,000
                </tspan>
              </text>
            </g>
            <g
              role="presentation"
            >
              <line
                role="presentation"
                shape-rendering="auto"
                style="stroke: var(--pf-v6-chart-axis--grid--stroke--Color, #c7c7c7); fill: var(--pf-v6-chart-axis--grid--Fill, none); pointer-events: painted; stroke-linecap: round; stroke-linejoin: round;"
                vector-effect="non-scaling-stroke"
                x1="100"
                x2="400"
                y1="162.5"
                y2="162.5"
              />
              <line
                role="presentation"
                shape-rendering="auto"
                style="stroke: var(--pf-v6-chart-axis--tick--stroke--Color, #c7c7c7); fill: var(--pf-v6-chart-axis--tick--Fill, transparent); size: 5px; stroke-linecap: round; stroke-linejoin: round; stroke-width: 1;"
                vector-effect="non-scaling-stroke"
                x1="100"
                x2="95"
                y1="162.5"
                y2="162.5"
              />
              <text
                direction="inherit"
                dx="0"
                id="monthly-ridership-ChartAxis-1-ChartLabel-1"
                x="85"
                y="167.47"
              >
                <tspan
                  dx="0"
                  dy="0"
                  style="font-family: "RedHatText","RedHatText","NotoSansArabic","NotoSansHebrew","NotoSansJP","NotoSansKR","NotoSansMalayalam","NotoSansSC","NotoSansTC","NotoSansThai",Helvetica,Arial,sans-serif; font-size: 14px; letter-spacing: normal; padding: 10px; stroke: var(--pf-v6-chart-global--label--stroke, transparent); fill: var(--pf-v6-chart-axis--tick-label--Fill, #383838); text-anchor: end;"
                  text-anchor="end"
                  x="85"
                >
                  165,250
                </tspan>
              </text>
            </g>
            <g
              role="presentation"
            >
              <line
                role="presentation"
                shape-rendering="auto"
                style="stroke: var(--pf-v6-chart-axis--grid--stroke--Color, #c7c7c7); fill: var(--pf-v6-chart-axis--grid--Fill, none); pointer-events: painted; stroke-linecap: round; stroke-linejoin: round;"
                vector-effect="non-scaling-stroke"
                x1="100"
                x2="400"
                y1="125"
                y2="125"
              />
              <line
                role="presentation"
                shape-rendering="auto"
                style="stroke: var(--pf-v6-chart-axis--tick--stroke--Color, #c7c7c7); fill: var(--pf-v6-chart-axis--tick--Fill, transparent); size: 5px; stroke-linecap: round; stroke-linejoin: round; stroke-width: 1;"
                vector-effect="non-scaling-stroke"
                x1="100"
                x2="95"
                y1="125"
                y2="125"
              />
              <text
                direction="inherit"
                dx="0"
                id="monthly-ridership-ChartAxis-1-ChartLabel-2"
                x="85"
                y="129.97"
              >
                <tspan
                  dx="0"
                  dy="0"
                  style="font-family: "RedHatText","RedHatText","NotoSansArabic","NotoSansHebrew","NotoSansJP","NotoSansKR","NotoSansMalayalam","NotoSansSC","NotoSansTC","NotoSansThai",Helvetica,Arial,sans-serif; font-size: 14px; letter-spacing: normal; padding: 10px; stroke: var(--pf-v6-chart-global--label--stroke, transparent); fill: var(--pf-v6-chart-axis--tick-label--Fill, #383838); text-anchor: end;"
                  text-anchor="end"
                  x="85"
                >
                  187,500
                </tspan>
              </text>
            </g>
            <g
              role="presentation"
            >
              <line
                role="presentation"
                shape-rendering="auto"
                style="stroke: var(--pf-v6-chart-axis--grid--stroke--Color, #c7c7c7); fill: var(--pf-v6-chart-axis--grid--Fill, none); pointer-events: painted; stroke-linecap: round; stroke-linejoin: round;"
                vector-effect="non-scaling-stroke"
                x1="100"
                x2="400"
                y1="87.5"
                y2="87.5"
              />
              <line
                role="presentation"
                shape-rendering="auto"
                style="stroke: var(--pf-v6-chart-axis--tick--stroke--Color, #c7c7c7); fill: var(--pf-v6-chart-axis--tick--Fill, transparent); size: 5px; stroke-linecap: round; stroke-linejoin: round; stroke-width: 1;"
                vector-effect="non-scaling-stroke"
                x1="100"
                x2="95"
                y1="87.5"
                y2="87.5"
              />
              <text
                direction="inherit"
                dx="0"
                id="monthly-ridership-ChartAxis-1-ChartLabel-3"
                x="85"
                y="92.47"
              >
                <tspan
                  dx="0"
                  dy="0"
                  style="font-family: "RedHatText","RedHatText","NotoSansArabic","NotoSansHebrew","NotoSansJP","NotoSansKR","NotoSansMalayalam","NotoSansSC","NotoSansTC","NotoSansThai",Helvetica,Arial,sans-serif; font-size: 14px; letter-spacing: normal; padding: 10px; stroke: var(--pf-v6-chart-global--label--stroke, transparent); fill: var(--pf-v6-chart-axis--tick-label--Fill, #383838); text-anchor: end;"
                  text-anchor="end"
                  x="85"
                >
                  209,750
                </tspan>
              </text>
            </g>
            <g
              role="presentation"
            >
              <line
                role="presentation"
                shape-rendering="auto"
                style="stroke: var(--pf-v6-chart-axis--grid--stroke--Color, #c7c7c7); fill: var(--pf-v6-chart-axis--grid--Fill, none); pointer-events: painted; stroke-linecap: round; stroke-linejoin: round;"
                vector-effect="non-scaling-stroke"
                x1="100"
                x2="400"
                y1="50"
                y2="50"
              />
              <line
                role="presentation"
                shape-rendering="auto"
                style="stroke: var(--pf-v6-chart-axis--tick--stroke--Color, #c7c7c7); fill: var(--pf-v6-chart-axis--tick--Fill, transparent); size: 5px; stroke-linecap: round; stroke-linejoin: round; stroke-width: 1;"
                vector-effect="non-scaling-stroke"
                x1="100"
                x2="95"
                y1="50"
                y2="50"
              />
              <text
                direction="inherit"
                dx="0"
                id="monthly-ridership-ChartAxis-1-ChartLabel-4"
                x="85"
                y="54.97"
              >
                <tspan
                  dx="0"
                  dy="0"
                  style="font-family: "RedHatText","RedHatText","NotoSansArabic","NotoSansHebrew","NotoSansJP","NotoSansKR","NotoSansMalayalam","NotoSansSC","NotoSansTC","NotoSansThai",Helvetica,Arial,sans-serif; font-size: 14px; letter-spacing: normal; padding: 10px; stroke: var(--pf-v6-chart-global--label--stroke, transparent); fill: var(--pf-v6-chart-axis--tick-label--Fill, #383838); text-anchor: end;"
                  text-anchor="end"
                  x="85"
                >
                  232,000
                </tspan>
              </text>
            </g>
          </g>
          <g>
            <g
              clip-path="url(#victory-clip-2)"
              style="height: 100%; width: 100%; user-select: none;"
            >
              <defs>
                <clippath
                  id="victory-clip-2"
                >
                  <rect
                    height="150"
                    vector-effect="non-scaling-stroke"
                    width="300"
                    x="100"
                    y="50"
                  />
                </clippath>
              </defs>
              <path
                d="M181.8181818181818,186.38202247191012L209.0909090909091,157.63426966292135L236.36363636363635,188.98426966292135L263.6363636363636,177.28426966292136L290.9090909090909,188.50393258426965L318.1818181818182,199.9106741573034L345.4545454545455,94.25"
                role="presentation"
                shape-rendering="auto"
                style="fill: none; stroke: var(--pf-v6-chart-theme--multi-color-unordered--ColorScale--100, #0066cc); pointer-events: stroke; width: 11px; opacity: 1; stroke-width: 2;"
              />
            </g>
            <g
              clip-path="url(#victory-clip-3)"
              style="height: 100%; width: 100%; user-select: none;"
            >
              <defs>
                <clippath
                  id="victory-clip-3"
                >
                  <rect
                    height="150"
                    vector-effect="non-scaling-stroke"
                    width="300"
                    x="100"
                    y="50"
                  />
                </clippath>
              </defs>
              <path
                d="M181.8181818181818,64.97134831460676L209.0909090909091,50.19719101123596L236.36363636363635,64.54662921348316L263.6363636363636,69.55898876404494L290.9090909090909,90.34494382022473L318.1818181818182,94.69831460674158L345.4545454545455,74.04213483146069"
                role="presentation"
                shape-rendering="auto"
                style="fill: none; stroke: var(--pf-v6-chart-theme--multi-color-unordered--ColorScale--200, #dca614); pointer-events: stroke; width: 11px; opacity: 1; stroke-width: 2;"
              />
            </g>
          </g>
          <g>
            <g>
              <path
                d="M 181.8181818181818, 186.38202247191012
      m -3, 0
      a 3, 3 0 1,0 6,0
      a 3, 3 0 1,0 -6,0"
                role="presentation"
                shape-rendering="auto"
                style="width: 11px; fill: var(--pf-v6-chart-theme--multi-color-unordered--ColorScale--100, #0066cc); opacity: 1; stroke: var(--pf-v6-chart-scatter--data--stroke--Color, transparent); stroke-width: 0;"
              />
              <path
                d="M 209.0909090909091, 157.63426966292135
      m -3, 0
      a 3, 3 0 1,0 6,0
      a 3, 3 0 1,0 -6,0"
                role="presentation"
                shape-rendering="auto"
                style="width: 11px; fill: var(--pf-v6-chart-theme--multi-color-unordered--ColorScale--100, #0066cc); opacity: 1; stroke: var(--pf-v6-chart-scatter--data--stroke--Color, transparent); stroke-width: 0;"
              />
              <path
                d="M 236.36363636363635, 188.98426966292135
      m -3, 0
      a 3, 3 0 1,0 6,0
      a 3, 3 0 1,0 -6,0"
                role="presentation"
                shape-rendering="auto"
                style="width: 11px; fill: var(--pf-v6-chart-theme--multi-color-unordered--ColorScale--100, #0066cc); opacity: 1; stroke: var(--pf-v6-chart-scatter--data--stroke--Color, transparent); stroke-width: 0;"
              />
              <path
                d="M 263.6363636363636, 177.28426966292136
      m -3, 0
      a 3, 3 0 1,0 6,0
      a 3, 3 0 1,0 -6,0"
                role="presentation"
                shape-rendering="auto"
                style="width: 11px; fill: var(--pf-v6-chart-theme--multi-color-unordered--ColorScale--100, #0066cc); opacity: 1; stroke: var(--pf-v6-chart-scatter--data--stroke--Color, transparent); stroke-width: 0;"
              />
              <path
                d="M 290.9090909090909, 188.50393258426965
      m -3, 0
      a 3, 3 0 1,0 6,0
      a 3, 3 0 1,0 -6,0"
                role="presentation"
                shape-rendering="auto"
                style="width: 11px; fill: var(--pf-v6-chart-theme--multi-color-unordered--ColorScale--100, #0066cc); opacity: 1; stroke: var(--pf-v6-chart-scatter--data--stroke--Color, transparent); stroke-width: 0;"
              />
              <path
                d="M 318.1818181818182, 199.9106741573034
      m -3, 0
      a 3, 3 0 1,0 6,0
      a 3, 3 0 1,0 -6,0"
                role="presentation"
                shape-rendering="auto"
                style="width: 11px; fill: var(--pf-v6-chart-theme--multi-color-unordered--ColorScale--100, #0066cc); opacity: 1; stroke: var(--pf-v6-chart-scatter--data--stroke--Color, transparent); stroke-width: 0;"
              />
              <path
                d="M 345.4545454545455, 94.25
      m -3, 0
      a 3, 3 0 1,0 6,0
      a 3, 3 0 1,0 -6,0"
                role="presentation"
                shape-rendering="auto"
                style="width: 11px; fill: var(--pf-v6-chart-theme--multi-color-unordered--ColorScale--100, #0066cc); opacity: 1; stroke: var(--pf-v6-chart-scatter--data--stroke--Color, transparent); stroke-width: 0;"
              />
            </g>
            <g>
              <path
                d="M 181.8181818181818, 64.97134831460676
      m -3, 0
      a 3, 3 0 1,0 6,0
      a 3, 3 0 1,0 -6,0"
                role="presentation"
                shape-rendering="auto"
                style="width: 11px; fill: var(--pf-v6-chart-theme--multi-color-unordered--ColorScale--200, #dca614); opacity: 1; stroke: var(--pf-v6-chart-scatter--data--stroke--Color, transparent); stroke-width: 0;"
              />
              <path
                d="M 209.0909090909091, 50.19719101123596
      m -3, 0
      a 3, 3 0 1,0 6,0
      a 3, 3 0 1,0 -6,0"
                role="presentation"
                shape-rendering="auto"
                style="width: 11px; fill: var(--pf-v6-chart-theme--multi-color-unordered--ColorScale--200, #dca614); opacity: 1; stroke: var(--pf-v6-chart-scatter--data--stroke--Color, transparent); stroke-width: 0;"
              />
              <path
                d="M 236.36363636363635, 64.54662921348316
      m -3, 0
      a 3, 3 0 1,0 6,0
      a 3, 3 0 1,0 -6,0"
                role="presentation"
                shape-rendering="auto"
                style="width: 11px; fill: var(--pf-v6-chart-theme--multi-color-unordered--ColorScale--200, #dca614); opacity: 1; stroke: var(--pf-v6-chart-scatter--data--stroke--Color, transparent); stroke-width: 0;"
              />
              <path
                d="M 263.6363636363636, 69.55898876404494
      m -3, 0
      a 3, 3 0 1,0 6,0
      a 3, 3 0 1,0 -6,0"
                role="presentation"
                shape-rendering="auto"
                style="width: 11px; fill: var(--pf-v6-chart-theme--multi-color-unordered--ColorScale--200, #dca614); opacity: 1; stroke: var(--pf-v6-chart-scatter--data--stroke--Color, transparent); stroke-width: 0;"
              />
              <path
                d="M 290.9090909090909, 90.34494382022473
      m -3, 0
      a 3, 3 0 1,0 6,0
      a 3, 3 0 1,0 -6,0"
                role="presentation"
                shape-rendering="auto"
                style="width: 11px; fill: var(--pf-v6-chart-theme--multi-color-unordered--ColorScale--200, #dca614); opacity: 1; stroke: var(--pf-v6-chart-scatter--data--stroke--Color, transparent); stroke-width: 0;"
              />
              <path
                d="M 318.1818181818182, 94.69831460674158
      m -3, 0
      a 3, 3 0 1,0 6,0
      a 3, 3 0 1,0 -6,0"
                role="presentation"
                shape-rendering="auto"
                style="width: 11px; fill: var(--pf-v6-chart-theme--multi-color-unordered--ColorScale--200, #dca614); opacity: 1; stroke: var(--pf-v6-chart-scatter--data--stroke--Color, transparent); stroke-width: 0;"
              />
              <path
                d="M 345.4545454545455, 74.04213483146069
      m -3, 0
      a 3, 3 0 1,0 6,0
      a 3, 3 0 1,0 -6,0"
                role="presentation"
                shape-rendering="auto"
                style="width: 11px; fill: var(--pf-v6-chart-theme--multi-color-unordered--ColorScale--200, #dca614); opacity: 1; stroke: var(--pf-v6-chart-scatter--data--stroke--Color, transparent); stroke-width: 0;"
              />
            </g>
          </g>
          <g>
            <rect
              height="28"
              role="presentation"
              shape-rendering="auto"
              style="fill: none;"
              vector-effect="non-scaling-stroke"
              width="39.6"
              x="416"
              y="113"
            />
            <path
              d="M 425.128, 131.872
      h9.744000000000028
      v-9.744000000000028
      h-9.744000000000028
      z"
              role="presentation"
              shape-rendering="auto"
              style="fill: var(--pf-v6-chart-theme--multi-color-unordered--ColorScale--100, #0066cc);"
            />
            <path
              d="M 425.128, 145.872
      h9.744000000000028
      v-9.744000000000028
      h-9.744000000000028
      z"
              role="presentation"
              shape-rendering="auto"
              style="fill: var(--pf-v6-chart-theme--multi-color-unordered--ColorScale--200, #dca614);"
            />
            <text
              direction="inherit"
              dx="0"
              id="monthly-ridership-ChartLegend-ChartLabel-0"
              x="446.8"
              y="131.97"
            >
              <tspan
                dx="0"
                dy="0"
                style="font-family: "RedHatText","RedHatText","NotoSansArabic","NotoSansHebrew","NotoSansJP","NotoSansKR","NotoSansMalayalam","NotoSansSC","NotoSansTC","NotoSansThai",Helvetica,Arial,sans-serif; font-size: 14px; letter-spacing: normal; padding: 10px; stroke: var(--pf-v6-chart-global--label--stroke, transparent); fill: var(--pf-v6-chart-global--label--Fill, #1f1f1f);"
                text-anchor="start"
                x="446.8"
              >
                2023
              </tspan>
            </text>
            <text
              direction="inherit"
              dx="0"
              id="monthly-ridership-ChartLegend-ChartLabel-1"
              x="446.8"
              y="145.97"
            >
              <tspan
                dx="0"
                dy="0"
                style="font-family: "RedHatText","RedHatText","NotoSansArabic","NotoSansHebrew","NotoSansJP","NotoSansKR","NotoSansMalayalam","NotoSansSC","NotoSansTC","NotoSansThai",Helvetica,Arial,sans-serif; font-size: 14px; letter-spacing: normal; padding: 10px; stroke: var(--pf-v6-chart-global--label--stroke, transparent); fill: var(--pf-v6-chart-global--label--Fill, #1f1f1f);"
                text-anchor="start"
                x="446.8"
              >
                2024
              </tspan>
            </text>
          </g>
        </svg>
        <div
          style="width: 100%; height: 100%; z-index: 99; position: absolute; top: 0px; left: 0px;"
        >
          <svg
            height="250"
            style="width: 100%; height: 100%; overflow: visible;"
            viewBox="0 0 600 250"
            width="600"
          />
        </div>
      </div>
      <h3
        class="pf-v6-c-title pf-m-h3"
        data-ouia-component-id="OUIA-Generated-Title-3"
        data-ouia-component-type="PF6/Title"
        data-ouia-safe="true"
      >
        Last 12 Months by Trip Length
      </h3>
      <div
        class="pf-v6-c-chart"
        style="height: 100%; width: 100%; user-select: none; pointer-events: none; position: relative;"
      >
        <svg
          height="250"
          role="img"
          style="width: 100%; height: 100%; pointer-events: all;"
          viewBox="0 0 600 250"
          width="600"
        >
          <g
            role="presentation"
          >
            <line
              role="presentation"
              shape-rendering="auto"
              style="stroke: var(--pf-v6-chart-axis--axis--stroke--Color, #c7c7c7); fill: var(--pf-v6-chart-axis--axis--Fill, transparent); stroke-width: 1; stroke-linecap: round; stroke-linejoin: round;"
              vector-effect="non-scaling-stroke"
              x1="100"
              x2="400"
              y1="200"
              y2="200"
            />
            <g
              role="presentation"
            >
              <line
                role="presentation"
                shape-rendering="auto"
                style="stroke: var(--pf-v6-chart-axis--tick--stroke--Color, #c7c7c7); fill: var(--pf-v6-chart-axis--tick--Fill, transparent); size: 5px; stroke-linecap: round; stroke-linejoin: round; stroke-width: 1;"
                vector-effect="non-scaling-stroke"
                x1="100"
                x2="100"
                y1="200"
                y2="205"
              />
              <text
                direction="inherit"
                dx="0"
                id="rolling-ridership-ChartAxis-0-ChartLabel-0"
                x="100"
                y="226.97"
              >
                <tspan
                  dx="0"
                  dy="0"
                  style="font-family: "RedHatText","RedHatText","NotoSansArabic","NotoSansHebrew","NotoSansJP","NotoSansKR","NotoSansMalayalam","NotoSansSC","NotoSansTC","NotoSansThai",Helvetica,Arial,sans-serif; font-size: 14px; letter-spacing: normal; padding: 10px; stroke: var(--pf-v6-chart-global--label--stroke, transparent); fill: var(--pf-v6-chart-axis--tick-label--Fill, #383838); text-anchor: middle;"
                  text-anchor="middle"
                  x="100"
                >
                  Nov
                </tspan>
              </text>
            </g>
            <g
              role="presentation"
            >
              <line
                role="presentation"
                shape-rendering="auto"
                style="stroke: var(--pf-v6-chart-axis--tick--stroke--Color, #c7c7c7); fill: var(--pf-v6-chart-axis--tick--Fill, transparent); size: 5px; stroke-linecap: round; stroke-linejoin: round; stroke-width: 1;"
                vector-effect="non-scaling-stroke"
                x1="127.27272727272728"
                x2="127.27272727272728"
                y1="200"
                y2="205"
              />
              <text
                direction="inherit"
                dx="0"
                id="rolling-ridership-ChartAxis-0-ChartLabel-1"
                x="127.27272727272728"
                y="226.97"
              >
                <tspan
                  dx="0"
                  dy="0"
                  style="font-family: "RedHatText","RedHatText","NotoSansArabic","NotoSansHebrew","NotoSansJP","NotoSansKR","NotoSansMalayalam","NotoSansSC","NotoSansTC","NotoSansThai",Helvetica,Arial,sans-serif; font-size: 14px; letter-spacing: normal; padding: 10px; stroke: var(--pf-v6-chart-global--label--stroke, transparent); fill: var(--pf-v6-chart-axis--tick-label--Fill, #383838); text-anchor: middle;"
                  text-anchor="middle"
                  x="127.27272727272728"
                >
                  Dec
                </tspan>
              </text>
            </g>
            <g
              role="presentation"
            >
              <line
                role="presentation"
                shape-rendering="auto"
                style="stroke: var(--pf-v6-chart-axis--tick--stroke--Color, #c7c7c7); fill: var(--pf-v6-chart-axis--tick--Fill, transparent); size: 5px; stroke-linecap: round; stroke-linejoin: round; stroke-width: 1;"
                vector-effect="non-scaling-stroke"
                x1="154.54545454545456"
                x2="154.54545454545456"
                y1="200"
                y2="205"
              />
              <text
                direction="inherit"
                dx="0"
                id="rolling-ridership-ChartAxis-0-ChartLabel-2"
                x="154.54545454545456"
                y="226.97"
              >
                <tspan
                  dx="0"
                  dy="0"
                  style="font-family: "RedHatText","RedHatText","NotoSansArabic","NotoSansHebrew","NotoSansJP","NotoSansKR","NotoSansMalayalam","NotoSansSC","NotoSansTC","NotoSansThai",Helvetica,Arial,sans-serif; font-size: 14px; letter-spacing: normal; padding: 10px; stroke: var(--pf-v6-chart-global--label--stroke, transparent); fill: var(--pf-v6-chart-axis--tick-label--Fill, #383838); text-anchor: middle;"
                  text-anchor="middle"
                  x="154.54545454545456"
                >
                  Jan
                </tspan>
              </text>
            </g>
            <g
              role="presentation"
            >
              <line
                role="presentation"
                shape-rendering="auto"
                style="stroke: var(--pf-v6-chart-axis--tick--stroke--Color, #c7c7c7); fill: var(--pf-v6-chart-axis--tick--Fill, transparent); size: 5px; stroke-linecap: round; stroke-linejoin: round; stroke-width: 1;"
                vector-effect="non-scaling-stroke"
                x1="181.8181818181818"
                x2="181.8181818181818"
                y1="200"
                y2="205"
              />
              <text
                direction="inherit"
                dx="0"
                id="rolling-ridership-ChartAxis-0-ChartLabel-3"
                x="181.8181818181818"
                y="226.97"
              >
                <tspan
                  dx="0"
                  dy="0"
                  style="font-family: "RedHatText","RedHatText","NotoSansArabic","NotoSansHebrew","NotoSansJP","NotoSansKR","NotoSansMalayalam","NotoSansSC","NotoSansTC","NotoSansThai",Helvetica,Arial,sans-serif; font-size: 14px; letter-spacing: normal; padding: 10px; stroke: var(--pf-v6-chart-global--label--stroke, transparent); fill: var(--pf-v6-chart-axis--tick-label--Fill, #383838); text-anchor: middle;"
                  text-anchor="middle"
                  x="181.8181818181818"
                >
                  Feb
                </tspan>
              </text>
            </g>
            <g
              role="presentation"
            >
              <line
                role="presentation"
                shape-rendering="auto"
                style="stroke: var(--pf-v6-chart-axis--tick--stroke--Color, #c7c7c7); fill: var(--pf-v6-chart-axis--tick--Fill, transparent); size: 5px; stroke-linecap: round; stroke-linejoin: round; stroke-width: 1;"
                vector-effect="non-scaling-stroke"
                x1="209.0909090909091"
                x2="209.0909090909091"
                y1="200"
                y2="205"
              />
              <text
                direction="inherit"
                dx="0"
                id="rolling-ridership-ChartAxis-0-ChartLabel-4"
                x="209.0909090909091"
                y="226.97"
              >
                <tspan
                  dx="0"
                  dy="0"
                  style="font-family: "RedHatText","RedHatText","NotoSansArabic","NotoSansHebrew","NotoSansJP","NotoSansKR","NotoSansMalayalam","NotoSansSC","NotoSansTC","NotoSansThai",Helvetica,Arial,sans-serif; font-size: 14px; letter-spacing: normal; padding: 10px; stroke: var(--pf-v6-chart-global--label--stroke, transparent); fill: var(--pf-v6-chart-axis--tick-label--Fill, #383838); text-anchor: middle;"
                  text-anchor="middle"
                  x="209.0909090909091"
                >
                  Mar
                </tspan>
              </text>
            </g>
            <g
              role="presentation"
            >
              <line
                role="presentation"
                shape-rendering="auto"
                style="stroke: var(--pf-v6-chart-axis--tick--stroke--Color, #c7c7c7); fill: var(--pf-v6-chart-axis--tick--Fill, transparent); size: 5px; stroke-linecap: round; stroke-linejoin: round; stroke-width: 1;"
                vector-effect="non-scaling-stroke"
                x1="236.36363636363635"
                x2="236.36363636363635"
                y1="200"
                y2="205"
              />
              <text
                direction="inherit"
                dx="0"
                id="rolling-ridership-ChartAxis-0-ChartLabel-5"
                x="236.36363636363635"
                y="226.97"
              >
                <tspan
                  dx="0"
                  dy="0"
                  style="font-family: "RedHatText","RedHatText","NotoSansArabic","NotoSansHebrew","NotoSansJP","NotoSansKR","NotoSansMalayalam","NotoSansSC","NotoSansTC","NotoSansThai",Helvetica,Arial,sans-serif; font-size: 14px; letter-spacing: normal; padding: 10px; stroke: var(--pf-v6-chart-global--label--stroke, transparent); fill: var(--pf-v6-chart-axis--tick-label--Fill, #383838); text-anchor: middle;"
                  text-anchor="middle"
                  x="236.36363636363635"
                >
                  Apr
                </tspan>
              </text>
            </g>
            <g
              role="presentation"
            >
              <line
                role="presentation"
                shape-rendering="auto"
                style="stroke: var(--pf-v6-chart-axis--tick--stroke--Color, #c7c7c7); fill: var(--pf-v6-chart-axis--tick--Fill, transparent); size: 5px; stroke-linecap: round; stroke-linejoin: round; stroke-width: 1;"
                vector-effect="non-scaling-stroke"
                x1="263.6363636363636"
                x2="263.6363636363636"
                y1="200"
                y2="205"
              />
              <text
                direction="inherit"
                dx="0"
                id="rolling-ridership-ChartAxis-0-ChartLabel-6"
                x="263.6363636363636"
                y="226.97"
              >
                <tspan
                  dx="0"
                  dy="0"
                  style="font-family: "RedHatText","RedHatText","NotoSansArabic","NotoSansHebrew","NotoSansJP","NotoSansKR","NotoSansMalayalam","NotoSansSC","NotoSansTC","NotoSansThai",Helvetica,Arial,sans-serif; font-size: 14px; letter-spacing: normal; padding: 10px; stroke: var(--pf-v6-chart-global--label--stroke, transparent); fill: var(--pf-v6-chart-axis--tick-label--Fill, #383838); text-anchor: middle;"
                  text-anchor="middle"
                  x="263.6363636363636"
                >
                  May
                </tspan>
              </text>
            </g>
            <g
              role="presentation"
            >
              <line
                role="presentation"
                shape-rendering="auto"
                style="stroke: var(--pf-v6-chart-axis--tick--stroke--Color, #c7c7c7); fill: var(--pf-v6-chart-axis--tick--Fill, transparent); size: 5px; stroke-linecap: round; stroke-linejoin: round; stroke-width: 1;"
                vector-effect="non-scaling-stroke"
                x1="290.9090909090909"
                x2="290.9090909090909"
                y1="200"
                y2="205"
              />
              <text
                direction="inherit"
                dx="0"
                id="rolling-ridership-ChartAxis-0-ChartLabel-7"
                x="290.9090909090909"
                y="226.97"
              >
                <tspan
                  dx="0"
                  dy="0"
                  style="font-family: "RedHatText","RedHatText","NotoSansArabic","NotoSansHebrew","NotoSansJP","NotoSansKR","NotoSansMalayalam","NotoSansSC","NotoSansTC","NotoSansThai",Helvetica,Arial,sans-serif; font-size: 14px; letter-spacing: normal; padding: 10px; stroke: var(--pf-v6-chart-global--label--stroke, transparent); fill: var(--pf-v6-chart-axis--tick-label--Fill, #383838); text-anchor: middle;"
                  text-anchor="middle"
                  x="290.9090909090909"
                >
                  Jun
                </tspan>
              </text>
            </g>
            <g
              role="presentation"
            >
              <line
                role="presentation"
                shape-rendering="auto"
                style="stroke: var(--pf-v6-chart-axis--tick--stroke--Color, #c7c7c7); fill: var(--pf-v6-chart-axis--tick--Fill, transparent); size: 5px; stroke-linecap: round; stroke-linejoin: round; stroke-width: 1;"
                vector-effect="non-scaling-stroke"
                x1="318.1818181818182"
                x2="318.1818181818182"
                y1="200"
                y2="205"
              />
              <text
                direction="inherit"
                dx="0"
                id="rolling-ridership-ChartAxis-0-ChartLabel-8"
                x="318.1818181818182"
                y="226.97"
              >
                <tspan
                  dx="0"
                  dy="0"
                  style="font-family: "RedHatText","RedHatText","NotoSansArabic","NotoSansHebrew","NotoSansJP","NotoSansKR","NotoSansMalayalam","NotoSansSC","NotoSansTC","NotoSansThai",Helvetica,Arial,sans-serif; font-size: 14px; letter-spacing: normal; padding: 10px; stroke: var(--pf-v6-chart-global--label--stroke, transparent); fill: var(--pf-v6-chart-axis--tick-label--Fill, #383838); text-anchor: middle;"
                  text-anchor="middle"
                  x="318.1818181818182"
                >
                  Jul
                </tspan>
              </text>
            </g>
            <g
              role="presentation"
            >
              <line
                role="presentation"
                shape-rendering="auto"
                style="stroke: var(--pf-v6-chart-axis--tick--stroke--Color, #c7c7c7); fill: var(--pf-v6-chart-axis--tick--Fill, transparent); size: 5px; stroke-linecap: round; stroke-linejoin: round; stroke-width: 1;"
                vector-effect="non-scaling-stroke"
                x1="345.4545454545455"
                x2="345.4545454545455"
                y1="200"
                y2="205"
              />
              <text
                direction="inherit"
                dx="0"
                id="rolling-ridership-ChartAxis-0-ChartLabel-9"
                x="345.4545454545455"
                y="226.97"
              >
                <tspan
                  dx="0"
                  dy="0"
                  style="font-family: "RedHatText","RedHatText","NotoSansArabic","NotoSansHebrew","NotoSansJP","NotoSansKR","NotoSansMalayalam","NotoSansSC","NotoSansTC","NotoSansThai",Helvetica,Arial,sans-serif; font-size: 14px; letter-spacing: normal; padding: 10px; stroke: var(--pf-v6-chart-global--label--stroke, transparent); fill: var(--pf-v6-chart-axis--tick-label--Fill, #383838); text-anchor: middle;"
                  text-anchor="middle"
                  x="345.4545454545455"
                >
                  Aug
                </tspan>
              </text>
            </g>
            <g
              role="presentation"
            >
              <line
                role="presentation"
                shape-rendering="auto"
                style="stroke: var(--pf-v6-chart-axis--tick--stroke--Color, #c7c7c7); fill: var(--pf-v6-chart-axis--tick--Fill, transparent); size: 5px; stroke-linecap: round; stroke-linejoin: round; stroke-width: 1;"
                vector-effect="non-scaling-stroke"
                x1="372.72727272727275"
                x2="372.72727272727275"
                y1="200"
                y2="205"
              />
              <text
                direction="inherit"
                dx="0"
                id="rolling-ridership-ChartAxis-0-ChartLabel-10"
                x="372.72727272727275"
                y="226.97"
              >
                <tspan
                  dx="0"
                  dy="0"
                  style="font-family: "RedHatText","RedHatText","NotoSansArabic","NotoSansHebrew","NotoSansJP","NotoSansKR","NotoSansMalayalam","NotoSansSC","NotoSansTC","NotoSansThai",Helvetica,Arial,sans-serif; font-size: 14px; letter-spacing: normal; padding: 10px; stroke: var(--pf-v6-chart-global--label--stroke, transparent); fill: var(--pf-v6-chart-axis--tick-label--Fill, #383838); text-anchor: middle;"
                  text-anchor="middle"
                  x="372.72727272727275"
                >
                  Sep
                </tspan>
              </text>
            </g>
            <g
              role="presentation"
            >
              <line
                role="presentation"
                shape-rendering="auto"
                style="stroke: var(--pf-v6-chart-axis--tick--stroke--Color, #c7c7c7); fill: var(--pf-v6-chart-axis--tick--Fill, transparent); size: 5px; stroke-linecap: round; stroke-linejoin: round; stroke-width: 1;"
                vector-effect="non-scaling-stroke"
                x1="400"
                x2="400"
                y1="200"
                y2="205"
              />
              <text
                direction="inherit"
                dx="0"
                id="rolling-ridership-ChartAxis-0-ChartLabel-11"
                x="400"
                y="226.97"
              >
                <tspan
                  dx="0"
                  dy="0"
                  style="font-family: "RedHatText","RedHatText","NotoSansArabic","NotoSansHebrew","NotoSansJP","NotoSansKR","NotoSansMalayalam","NotoSansSC","NotoSansTC","NotoSansThai",Helvetica,Arial,sans-serif; font-size: 14px; letter-spacing: normal; padding: 10px; stroke: var(--pf-v6-chart-global--label--stroke, transparent); fill: var(--pf-v6-chart-axis--tick-label--Fill, #383838); text-anchor: middle;"
                  text-anchor="middle"
                  x="400"
                >
                  Oct
                </tspan>
              </text>
            </g>
          </g>
          <g
            role="presentation"
          >
            <line
              role="presentation"
              shape-rendering="auto"
              style="stroke: var(--pf-v6-chart-axis--axis--stroke--Color, #c7c7c7); fill: var(--pf-v6-chart-axis--axis--Fill, transparent); stroke-width: 1; stroke-linecap: round; stroke-linejoin: round;"
              vector-effect="non-scaling-stroke"
              x1="100"
              x2="100"
              y1="50"
              y2="200"
            />
            <g
              role="presentation"
            >
              <line
                role="presentation"
                shape-rendering="auto"
                style="stroke: var(--pf-v6-chart-axis--grid--stroke--Color, #c7c7c7); fill: var(--pf-v6-chart-axis--grid--Fill, none); pointer-events: painted; stroke-linecap: round; stroke-linejoin: round;"
                vector-effect="non-scaling-stroke"
                x1="100"
                x2="400"
                y1="126.04166666666666"
                y2="126.04166666666666"
              />
              <line
                role="presentation"
                shape-rendering="auto"
                style="stroke: var(--pf-v6-chart-axis--tick--stroke--Color, #c7c7c7); fill: var(--pf-v6-chart-axis--tick--Fill, transparent); size: 5px; stroke-linecap: round; stroke-linejoin: round; stroke-width: 1;"
                vector-effect="non-scaling-stroke"
                x1="100"
                x2="95"
                y1="126.04166666666666"
                y2="126.04166666666666"
              />
              <text
                direction="inherit"
                dx="0"
                id="rolling-ridership-ChartAxis-1-ChartLabel-0"
                x="85"
                y="131.01166666666666"
              >
                <tspan
                  dx="0"
                  dy="0"
                  style="font-family: "RedHatText","RedHatText","NotoSansArabic","NotoSansHebrew","NotoSansJP","NotoSansKR","NotoSansMalayalam","NotoSansSC","NotoSansTC","NotoSansThai",Helvetica,Arial,sans-serif; font-size: 14px; letter-spacing: normal; padding: 10px; stroke: var(--pf-v6-chart-global--label--stroke, transparent); fill: var(--pf-v6-chart-axis--tick-label--Fill, #383838); text-anchor: end;"
                  text-anchor="end"
                  x="85"
                >
                  71,000
                </tspan>
              </text>
            </g>
            <g
              role="presentation"
            >
              <line
                role="presentation"
                shape-rendering="auto"
                style="stroke: var(--pf-v6-chart-axis--grid--stroke--Color, #c7c7c7); fill: var(--pf-v6-chart-axis--grid--Fill, none); pointer-events: painted; stroke-linecap: round; stroke-linejoin: round;"
                vector-effect="non-scaling-stroke"
                x1="100"
                x2="400"
                y1="107.03125"
                y2="107.03125"
              />
              <line
                role="presentation"
                shape-rendering="auto"
                style="stroke: var(--pf-v6-chart-axis--tick--stroke--Color, #c7c7c7); fill: var(--pf-v6-chart-axis--tick--Fill, transparent); size: 5px; stroke-linecap: round; stroke-linejoin: round; stroke-width: 1;"
                vector-effect="non-scaling-stroke"
                x1="100"
                x2="95"
                y1="107.03125"
                y2="107.03125"
              />
              <text
                direction="inherit"
                dx="0"
                id="rolling-ridership-ChartAxis-1-ChartLabel-1"
                x="85"
                y="112.00125"
              >
                <tspan
                  dx="0"
                  dy="0"
                  style="font-family: "RedHatText","RedHatText","NotoSansArabic","NotoSansHebrew","NotoSansJP","NotoSansKR","NotoSansMalayalam","NotoSansSC","NotoSansTC","NotoSansThai",Helvetica,Arial,sans-serif; font-size: 14px; letter-spacing: normal; padding: 10px; stroke: var(--pf-v6-chart-global--label--stroke, transparent); fill: var(--pf-v6-chart-axis--tick-label--Fill, #383838); text-anchor: end;"
                  text-anchor="end"
                  x="85"
                >
                  89,250
                </tspan>
              </text>
            </g>
            <g
              role="presentation"
            >
              <line
                role="presentation"
                shape-rendering="auto"
                style="stroke: var(--pf-v6-chart-axis--grid--stroke--Color, #c7c7c7); fill: var(--pf-v6-chart-axis--grid--Fill, none); pointer-events: painted; stroke-linecap: round; stroke-linejoin: round;"
                vector-effect="non-scaling-stroke"
                x1="100"
                x2="400"
                y1="88.02083333333334"
                y2="88.02083333333334"
              />
              <line
                role="presentation"
                shape-rendering="auto"
                style="stroke: var(--pf-v6-chart-axis--tick--stroke--Color, #c7c7c7); fill: var(--pf-v6-chart-axis--tick--Fill, transparent); size: 5px; stroke-linecap: round; stroke-linejoin: round; stroke-width: 1;"
                vector-effect="non-scaling-stroke"
                x1="100"
                x2="95"
                y1="88.02083333333334"
                y2="88.02083333333334"
              />
              <text
                direction="inherit"
                dx="0"
                id="rolling-ridership-ChartAxis-1-ChartLabel-2"
                x="85"
                y="92.99083333333334"
              >
                <tspan
                  dx="0"
                  dy="0"
                  style="font-family: "RedHatText","RedHatText","NotoSansArabic","NotoSansHebrew","NotoSansJP","NotoSansKR","NotoSansMalayalam","NotoSansSC","NotoSansTC","NotoSansThai",Helvetica,Arial,sans-serif; font-size: 14px; letter-spacing: normal; padding: 10px; stroke: var(--pf-v6-chart-global--label--stroke, transparent); fill: var(--pf-v6-chart-axis--tick-label--Fill, #383838); text-anchor: end;"
                  text-anchor="end"
                  x="85"
                >
                  107,500
                </tspan>
              </text>
            </g>
            <g
              role="presentation"
            >
              <line
                role="presentation"
                shape-rendering="auto"
                style="stroke: var(--pf-v6-chart-axis--grid--stroke--Color, #c7c7c7); fill: var(--pf-v6-chart-axis--grid--Fill, none); pointer-events: painted; stroke-linecap: round; stroke-linejoin: round;"
                vector-effect="non-scaling-stroke"
                x1="100"
                x2="400"
                y1="69.01041666666667"
                y2="69.01041666666667"
              />
              <line
                role="presentation"
                shape-rendering="auto"
                style="stroke: var(--pf-v6-chart-axis--tick--stroke--Color, #c7c7c7); fill: var(--pf-v6-chart-axis--tick--Fill, transparent); size: 5px; stroke-linecap: round; stroke-linejoin: round; stroke-width: 1;"
                vector-effect="non-scaling-stroke"
                x1="100"
                x2="95"
                y1="69.01041666666667"
                y2="69.01041666666667"
              />
              <text
                direction="inherit"
                dx="0"
                id="rolling-ridership-ChartAxis-1-ChartLabel-3"
                x="85"
                y="73.98041666666667"
              >
                <tspan
                  dx="0"
                  dy="0"
                  style="font-family: "RedHatText","RedHatText","NotoSansArabic","NotoSansHebrew","NotoSansJP","NotoSansKR","NotoSansMalayalam","NotoSansSC","NotoSansTC","NotoSansThai",Helvetica,Arial,sans-serif; font-size: 14px; letter-spacing: normal; padding: 10px; stroke: var(--pf-v6-chart-global--label--stroke, transparent); fill: var(--pf-v6-chart-axis--tick-label--Fill, #383838); text-anchor: end;"
                  text-anchor="end"
                  x="85"
                >
                  125,750
                </tspan>
              </text>
            </g>
            <g
              role="presentation"
            >
              <line
                role="presentation"
                shape-rendering="auto"
                style="stroke: var(--pf-v6-chart-axis--grid--stroke--Color, #c7c7c7); fill: var(--pf-v6-chart-axis--grid--Fill, none); pointer-events: painted; stroke-linecap: round; stroke-linejoin: round;"
                vector-effect="non-scaling-stroke"
                x1="100"
                x2="400"
                y1="50"
                y2="50"
              />
              <line
                role="presentation"
                shape-rendering="auto"
                style="stroke: var(--pf-v6-chart-axis--tick--stroke--Color, #c7c7c7); fill: var(--pf-v6-chart-axis--tick--Fill, transparent); size: 5px; stroke-linecap: round; stroke-linejoin: round; stroke-width: 1;"
                vector-effect="non-scaling-stroke"
                x1="100"
                x2="95"
                y1="50"
                y2="50"
              />
              <text
                direction="inherit"
                dx="0"
                id="rolling-ridership-ChartAxis-1-ChartLabel-4"
                x="85"
                y="54.97"
              >
                <tspan
                  dx="0"
                  dy="0"
                  style="font-family: "RedHatText","RedHatText","NotoSansArabic","NotoSansHebrew","NotoSansJP","NotoSansKR","NotoSansMalayalam","NotoSansSC","NotoSansTC","NotoSansThai",Helvetica,Arial,sans-serif; font-size: 14px; letter-spacing: normal; padding: 10px; stroke: var(--pf-v6-chart-global--label--stroke, transparent); fill: var(--pf-v6-chart-axis--tick-label--Fill, #383838); text-anchor: end;"
                  text-anchor="end"
                  x="85"
                >
                  144,000
                </tspan>
              </text>
            </g>
          </g>
          <g>
            <g
              clip-path="url(#victory-clip-5)"
              style="height: 100%; width: 100%; user-select: none;"
            >
              <defs>
                <clippath
                  id="victory-clip-5"
                >
                  <rect
                    height="150"
                    vector-effect="non-scaling-stroke"
                    width="300"
                    x="100"
                    y="50"
                  />
                </clippath>
              </defs>
              <path
                d="M154.54545454545456,91.94062500000001L181.8181818181818,100.03645833333333L209.0909090909091,112.43541666666667L236.36363636363635,119.88854166666667L263.6363636363636,125.51354166666667L290.9090909090909,121.63541666666667L318.1818181818182,113.00625L345.4545454545455,200L372.72727272727275,200L400,126.04166666666666L427.27272727272725,126.04166666666666L454.54545454545456,126.04166666666666"
                role="presentation"
                shape-rendering="auto"
                style="fill: none; stroke: var(--pf-v6-chart-theme--multi-color-unordered--ColorScale--100, #0066cc); pointer-events: stroke; width: 6px; opacity: 1; stroke-width: 2;"
              />
            </g>
            <g
              clip-path="url(#victory-clip-6)"
              style="height: 100%; width: 100%; user-select: none;"
            >
              <defs>
                <clippath
                  id="victory-clip-6"
                >
                  <rect
                    height="150"
                    vector-effect="non-scaling-stroke"
                    width="300"
                    x="100"
                    y="50"
                  />
                </clippath>
              </defs>
              <path
                d="M154.54545454545456,75.64583333333333L181.8181818181818,58.418749999999996L209.0909090909091,54.88854166666667L236.36363636363635,50.53333333333333L263.6363636363636,57.75520833333333L290.9090909090909,64.32395833333334L318.1818181818182,60.186458333333334L345.4545454545455,200L372.72727272727275,200L400,126.04166666666666L427.27272727272725,126.04166666666666L454.54545454545456,126.04166666666666"
                role="presentation"
                shape-rendering="auto"
                style="fill: none; stroke: var(--pf-v6-chart-theme--multi-color-unordered--ColorScale--200, #dca614); pointer-events: stroke; width: 6px; opacity: 1; stroke-width: 2;"
              />
            </g>
          </g>
          <g>
            <g>
              <path
                d="M 345.4545454545455, 200
      m -3, 0
      a 3, 3 0 1,0 6,0
      a 3, 3 0 1,0 -6,0"
                role="presentation"
                shape-rendering="auto"
                style="width: 6px; fill: var(--pf-v6-chart-theme--multi-color-unordered--ColorScale--100, #0066cc); opacity: 1; stroke: var(--pf-v6-chart-scatter--data--stroke--Color, transparent); stroke-width: 0;"
              />
              <path
                d="M 372.72727272727275, 200
      m -3, 0
      a 3, 3 0 1,0 6,0
      a 3, 3 0 1,0 -6,0"
                role="presentation"
                shape-rendering="auto"
                style="width: 6px; fill: var(--pf-v6-chart-theme--multi-color-unordered--ColorScale--100, #0066cc); opacity: 1; stroke: var(--pf-v6-chart-scatter--data--stroke--Color, transparent); stroke-width: 0;"
              />
              <path
                d="M 400, 126.04166666666666
      m -3, 0
      a 3, 3 0 1,0 6,0
      a 3, 3 0 1,0 -6,0"
                role="presentation"
                shape-rendering="auto"
                style="width: 6px; fill: var(--pf-v6-chart-theme--multi-color-unordered--ColorScale--100, #0066cc); opacity: 1; stroke: var(--pf-v6-chart-scatter--data--stroke--Color, transparent); stroke-width: 0;"
              />
              <path
                d="M 154.54545454545456, 91.94062500000001
      m -3, 0
      a 3, 3 0 1,0 6,0
      a 3, 3 0 1,0 -6,0"
                role="presentation"
                shape-rendering="auto"
                style="width: 6px; fill: var(--pf-v6-chart-theme--multi-color-unordered--ColorScale--100, #0066cc); opacity: 1; stroke: var(--pf-v6-chart-scatter--data--stroke--Color, transparent); stroke-width: 0;"
              />
              <path
                d="M 181.8181818181818, 100.03645833333333
      m -3, 0
      a 3, 3 0 1,0 6,0
      a 3, 3 0 1,0 -6,0"
                role="presentation"
                shape-rendering="auto"
                style="width: 6px; fill: var(--pf-v6-chart-theme--multi-color-unordered--ColorScale--100, #0066cc); opacity: 1; stroke: var(--pf-v6-chart-scatter--data--stroke--Color, transparent); stroke-width: 0;"
              />
              <path
                d="M 209.0909090909091, 112.43541666666667
      m -3, 0
      a 3, 3 0 1,0 6,0
      a 3, 3 0 1,0 -6,0"
                role="presentation"
                shape-rendering="auto"
                style="width: 6px; fill: var(--pf-v6-chart-theme--multi-color-unordered--ColorScale--100, #0066cc); opacity: 1; stroke: var(--pf-v6-chart-scatter--data--stroke--Color, transparent); stroke-width: 0;"
              />
              <path
                d="M 236.36363636363635, 119.88854166666667
      m -3, 0
      a 3, 3 0 1,0 6,0
      a 3, 3 0 1,0 -6,0"
                role="presentation"
                shape-rendering="auto"
                style="width: 6px; fill: var(--pf-v6-chart-theme--multi-color-unordered--ColorScale--100, #0066cc); opacity: 1; stroke: var(--pf-v6-chart-scatter--data--stroke--Color, transparent); stroke-width: 0;"
              />
              <path
                d="M 263.6363636363636, 125.51354166666667
      m -3, 0
      a 3, 3 0 1,0 6,0
      a 3, 3 0 1,0 -6,0"
                role="presentation"
                shape-rendering="auto"
                style="width: 6px; fill: var(--pf-v6-chart-theme--multi-color-unordered--ColorScale--100, #0066cc); opacity: 1; stroke: var(--pf-v6-chart-scatter--data--stroke--Color, transparent); stroke-width: 0;"
              />
              <path
                d="M 290.9090909090909, 121.63541666666667
      m -3, 0
      a 3, 3 0 1,0 6,0
      a 3, 3 0 1,0 -6,0"
                role="presentation"
                shape-rendering="auto"
                style="width: 6px; fill: var(--pf-v6-chart-theme--multi-color-unordered--ColorScale--100, #0066cc); opacity: 1; stroke: var(--pf-v6-chart-scatter--data--stroke--Color, transparent); stroke-width: 0;"
              />
              <path
                d="M 318.1818181818182, 113.00625
      m -3, 0
      a 3, 3 0 1,0 6,0
      a 3, 3 0 1,0 -6,0"
                role="presentation"
                shape-rendering="auto"
                style="width: 6px; fill: var(--pf-v6-chart-theme--multi-color-unordered--ColorScale--100, #0066cc); opacity: 1; stroke: var(--pf-v6-chart-scatter--data--stroke--Color, transparent); stroke-width: 0;"
              />
            </g>
            <g>
              <path
                d="M 345.4545454545455, 200
      m -3, 0
      a 3, 3 0 1,0 6,0
      a 3, 3 0 1,0 -6,0"
                role="presentation"
                shape-rendering="auto"
                style="width: 6px; fill: var(--pf-v6-chart-theme--multi-color-unordered--ColorScale--200, #dca614); opacity: 1; stroke: var(--pf-v6-chart-scatter--data--stroke--Color, transparent); stroke-width: 0;"
              />
              <path
                d="M 372.72727272727275, 200
      m -3, 0
      a 3, 3 0 1,0 6,0
      a 3, 3 0 1,0 -6,0"
                role="presentation"
                shape-rendering="auto"
                style="width: 6px; fill: var(--pf-v6-chart-theme--multi-color-unordered--ColorScale--200, #dca614); opacity: 1; stroke: var(--pf-v6-chart-scatter--data--stroke--Color, transparent); stroke-width: 0;"
              />
              <path
                d="M 400, 126.04166666666666
      m -3, 0
      a 3, 3 0 1,0 6,0
      a 3, 3 0 1,0 -6,0"
                role="presentation"
                shape-rendering="auto"
                style="width: 6px; fill: var(--pf-v6-chart-theme--multi-color-unordered--ColorScale--200, #dca614); opacity: 1; stroke: var(--pf-v6-chart-scatter--data--stroke--Color, transparent); stroke-width: 0;"
              />
              <path
                d="M 154.54545454545456, 75.64583333333333
      m -3, 0
      a 3, 3 0 1,0 6,0
      a 3, 3 0 1,0 -6,0"
                role="presentation"
                shape-rendering="auto"
                style="width: 6px; fill: var(--pf-v6-chart-theme--multi-color-unordered--ColorScale--200, #dca614); opacity: 1; stroke: var(--pf-v6-chart-scatter--data--stroke--Color, transparent); stroke-width: 0;"
              />
              <path
                d="M 181.8181818181818, 58.418749999999996
      m -3, 0
      a 3, 3 0 1,0 6,0
      a 3, 3 0 1,0 -6,0"
                role="presentation"
                shape-rendering="auto"
                style="width: 6px; fill: var(--pf-v6-chart-theme--multi-color-unordered--ColorScale--200, #dca614); opacity: 1; stroke: var(--pf-v6-chart-scatter--data--stroke--Color, transparent); stroke-width: 0;"
              />
              <path
                d="M 209.0909090909091, 54.88854166666667
      m -3, 0
      a 3, 3 0 1,0 6,0
      a 3, 3 0 1,0 -6,0"
                role="presentation"
                shape-rendering="auto"
                style="width: 6px; fill: var(--pf-v6-chart-theme--multi-color-unordered--ColorScale--200, #dca614); opacity: 1; stroke: var(--pf-v6-chart-scatter--data--stroke--Color, transparent); stroke-width: 0;"
              />
              <path
                d="M 236.36363636363635, 50.53333333333333
      m -3, 0
      a 3, 3 0 1,0 6,0
      a 3, 3 0 1,0 -6,0"
                role="presentation"
                shape-rendering="auto"
                style="width: 6px; fill: var(--pf-v6-chart-theme--multi-color-unordered--ColorScale--200, #dca614); opacity: 1; stroke: var(--pf-v6-chart-scatter--data--stroke--Color, transparent); stroke-width: 0;"
              />
              <path
                d="M 263.6363636363636, 57.75520833333333
      m -3, 0
      a 3, 3 0 1,0 6,0
      a 3, 3 0 1,0 -6,0"
                role="presentation"
                shape-rendering="auto"
                style="width: 6px; fill: var(--pf-v6-chart-theme--multi-color-unordered--ColorScale--200, #dca614); opacity: 1; stroke: var(--pf-v6-chart-scatter--data--stroke--Color, transparent); stroke-width: 0;"
              />
              <path
                d="M 290.9090909090909, 64.32395833333334
      m -3, 0
      a 3, 3 0 1,0 6,0
      a 3, 3 0 1,0 -6,0"
                role="presentation"
                shape-rendering="auto"
                style="width: 6px; fill: var(--pf-v6-chart-theme--multi-color-unordered--ColorScale--200, #dca614); opacity: 1; stroke: var(--pf-v6-chart-scatter--data--stroke--Color, transparent); stroke-width: 0;"
              />
              <path
                d="M 318.1818181818182, 60.186458333333334
      m -3, 0
      a 3, 3 0 1,0 6,0
      a 3, 3 0 1,0 -6,0"
                role="presentation"
                shape-rendering="auto"
                style="width: 6px; fill: var(--pf-v6-chart-theme--multi-color-unordered--ColorScale--200, #dca614); opacity: 1; stroke: var(--pf-v6-chart-scatter--data--stroke--Color, transparent); stroke-width: 0;"
              />
            </g>
          </g>
          <g>
            <rect
              height="28"
              role="presentation"
              shape-rendering="auto"
              style="fill: none;"
              vector-effect="non-scaling-stroke"
              width="39.6"
              x="416"
              y="113"
            />
            <path
              d="M 425.128, 131.872
      h9.744000000000028
      v-9.744000000000028
      h-9.744000000000028
      z"
              role="presentation"
              shape-rendering="auto"
              style="fill: var(--pf-v6-chart-theme--multi-color-unordered--ColorScale--100, #0066cc);"
            />
            <path
              d="M 425.128, 145.872
      h9.744000000000028
      v-9.744000000000028
      h-9.744000000000028
      z"
              role="presentation"
              shape-rendering="auto"
              style="fill: var(--pf-v6-chart-theme--multi-color-unordered--ColorScale--200, #dca614);"
            />
            <text
              direction="inherit"
              dx="0"
              id="rolling-ridership-ChartLegend-ChartLabel-0"
              x="446.8"
              y="131.97"
            >
              <tspan
                dx="0"
                dy="0"
                style="font-family: "RedHatText","RedHatText","NotoSansArabic","NotoSansHebrew","NotoSansJP","NotoSansKR","NotoSansMalayalam","NotoSansSC","NotoSansTC","NotoSansThai",Helvetica,Arial,sans-serif; font-size: 14px; letter-spacing: normal; padding: 10px; stroke: var(--pf-v6-chart-global--label--stroke, transparent); fill: var(--pf-v6-chart-global--label--Fill, #1f1f1f);"
                text-anchor="start"
                x="446.8"
              >
                Short Trip
              </tspan>
            </text>
            <text
              direction="inherit"
              dx="0"
              id="rolling-ridership-ChartLegend-ChartLabel-1"
              x="446.8"
              y="145.97"
            >
              <tspan
                dx="0"
                dy="0"
                style="font-family: "RedHatText","RedHatText","NotoSansArabic","NotoSansHebrew","NotoSansJP","NotoSansKR","NotoSansMalayalam","NotoSansSC","NotoSansTC","NotoSansThai",Helvetica,Arial,sans-serif; font-size: 14px; letter-spacing: normal; padding: 10px; stroke: var(--pf-v6-chart-global--label--stroke, transparent); fill: var(--pf-v6-chart-global--label--Fill, #1f1f1f);"
                text-anchor="start"
                x="446.8"
              >
                Long Trip
              </tspan>
            </text>
          </g>
        </svg>
        <div
          style="width: 100%; height: 100%; z-index: 99; position: absolute; top: 0px; left: 0px;"
        >
          <svg
            height="250"
            style="width: 100%; height: 100%; overflow: visible;"
            viewBox="0 0 600 250"
            width="600"
          />
        </div>
      </div>
      <h3
        class="pf-v6-c-title pf-m-h3"
        data-ouia-component-id="OUIA-Generated-Title-4"
        data-ouia-component-type="PF6/Title"
        data-ouia-safe="true"
      >
        Notes
      </h3>
      <ul
        class="pf-v6-c-content--ul pf-m-plain"
        data-ouia-component-id="OUIA-Generated-Content-3"
        data-ouia-component-type="PF6/Content"
        data-ouia-safe="true"
        data-pf-content="true"
      >
        <li
          class="pf-v6-c-content--li"
          data-ouia-component-id="OUIA-Generated-Content-4"
          data-ouia-component-type="PF6/Content"
          data-ouia-safe="true"
          data-pf-content="true"
        >
          Long distance services started in September 2023.
        </li>
      </ul>
    </div>
  </section>
</DocumentFragment>
`;
