// Jest Snapshot v1, https://goo.gl/fbAQLP

exports[`Richmond tests should render Richmond component 1`] = `
<DocumentFragment>
  <section
    class="pf-v6-c-page__main-section"
  >
    <h1
      class="pf-v6-c-title pf-m-lg"
      data-ouia-component-id="OUIA-Generated-Title-1"
      data-ouia-component-type="PF6/Title"
      data-ouia-safe="true"
    >
      Richmond Corridor
    </h1>
    <div
      class="pf-v6-c-content"
      data-ouia-component-id="OUIA-Generated-Content-1"
      data-ouia-component-type="PF6/Content"
      data-ouia-safe="true"
      data-pf-content="true"
    >
      <p
        class="pf-v6-c-content--p"
        data-ouia-component-id="OUIA-Generated-Content-2"
        data-ouia-component-type="PF6/Content"
        data-ouia-safe="true"
        data-pf-content="true"
      >
        The Richmond corridor consists of Northeast Regional services terminating at Richmond Main Street station. The entirety of the Richmond corridor is shared with the Newport News corridor, and all of the Richmod corridor except the Richmond Main Street station is shared with the Norfolk corridor.
      </p>
      <h3
        class="pf-v6-c-title pf-m-h3"
        data-ouia-component-id="OUIA-Generated-Title-2"
        data-ouia-component-type="PF6/Title"
        data-ouia-safe="true"
      >
        Ridership
      </h3>
      <div
        class="pf-v5-c-chart"
        style="height: 100%; width: 100%; user-select: none; pointer-events: none; position: relative;"
      >
        <svg
          height="250"
          role="img"
          style="width: 100%; height: 100%; pointer-events: all;"
          viewBox="0 0 600 250"
          width="600"
        >
          <g
            role="presentation"
          >
            <line
              role="presentation"
              shape-rendering="auto"
              style="stroke: var(--pf-v5-chart-axis--axis--stroke--Color, #d2d2d2); fill: var(--pf-v5-chart-axis--axis--Fill, transparent); stroke-width: 1; stroke-linecap: round; stroke-linejoin: round;"
              vector-effect="non-scaling-stroke"
              x1="100"
              x2="400"
              y1="200"
              y2="200"
            />
            <g
              role="presentation"
            >
              <line
                role="presentation"
                shape-rendering="auto"
                style="stroke: var(--pf-v5-chart-axis--tick--stroke--Color, #d2d2d2); fill: var(--pf-v5-chart-axis--tick--Fill, transparent); size: 5px; stroke-linecap: round; stroke-linejoin: round; stroke-width: 1;"
                vector-effect="non-scaling-stroke"
                x1="100"
                x2="100"
                y1="200"
                y2="205"
              />
              <text
                direction="inherit"
                dx="0"
                id="monthly-ridership-ChartAxis-0-ChartLabel-0"
                x="100"
                y="226.97"
              >
                <tspan
                  dx="0"
                  dy="0"
                  style="font-family: "RedHatText",helvetica,arial,sans-serif; font-size: 14px; letter-spacing: normal; padding: 10px; stroke: var(--pf-v5-chart-global--label--stroke, transparent); fill: var(--pf-v5-chart-axis--tick-label--Fill, #4f5255); text-anchor: middle;"
                  text-anchor="middle"
                  x="100"
                >
                  Jan
                </tspan>
              </text>
            </g>
            <g
              role="presentation"
            >
              <line
                role="presentation"
                shape-rendering="auto"
                style="stroke: var(--pf-v5-chart-axis--tick--stroke--Color, #d2d2d2); fill: var(--pf-v5-chart-axis--tick--Fill, transparent); size: 5px; stroke-linecap: round; stroke-linejoin: round; stroke-width: 1;"
                vector-effect="non-scaling-stroke"
                x1="127.27272727272728"
                x2="127.27272727272728"
                y1="200"
                y2="205"
              />
              <text
                direction="inherit"
                dx="0"
                id="monthly-ridership-ChartAxis-0-ChartLabel-1"
                x="127.27272727272728"
                y="226.97"
              >
                <tspan
                  dx="0"
                  dy="0"
                  style="font-family: "RedHatText",helvetica,arial,sans-serif; font-size: 14px; letter-spacing: normal; padding: 10px; stroke: var(--pf-v5-chart-global--label--stroke, transparent); fill: var(--pf-v5-chart-axis--tick-label--Fill, #4f5255); text-anchor: middle;"
                  text-anchor="middle"
                  x="127.27272727272728"
                >
                  Feb
                </tspan>
              </text>
            </g>
            <g
              role="presentation"
            >
              <line
                role="presentation"
                shape-rendering="auto"
                style="stroke: var(--pf-v5-chart-axis--tick--stroke--Color, #d2d2d2); fill: var(--pf-v5-chart-axis--tick--Fill, transparent); size: 5px; stroke-linecap: round; stroke-linejoin: round; stroke-width: 1;"
                vector-effect="non-scaling-stroke"
                x1="154.54545454545456"
                x2="154.54545454545456"
                y1="200"
                y2="205"
              />
              <text
                direction="inherit"
                dx="0"
                id="monthly-ridership-ChartAxis-0-ChartLabel-2"
                x="154.54545454545456"
                y="226.97"
              >
                <tspan
                  dx="0"
                  dy="0"
                  style="font-family: "RedHatText",helvetica,arial,sans-serif; font-size: 14px; letter-spacing: normal; padding: 10px; stroke: var(--pf-v5-chart-global--label--stroke, transparent); fill: var(--pf-v5-chart-axis--tick-label--Fill, #4f5255); text-anchor: middle;"
                  text-anchor="middle"
                  x="154.54545454545456"
                >
                  Mar
                </tspan>
              </text>
            </g>
            <g
              role="presentation"
            >
              <line
                role="presentation"
                shape-rendering="auto"
                style="stroke: var(--pf-v5-chart-axis--tick--stroke--Color, #d2d2d2); fill: var(--pf-v5-chart-axis--tick--Fill, transparent); size: 5px; stroke-linecap: round; stroke-linejoin: round; stroke-width: 1;"
                vector-effect="non-scaling-stroke"
                x1="181.8181818181818"
                x2="181.8181818181818"
                y1="200"
                y2="205"
              />
              <text
                direction="inherit"
                dx="0"
                id="monthly-ridership-ChartAxis-0-ChartLabel-3"
                x="181.8181818181818"
                y="226.97"
              >
                <tspan
                  dx="0"
                  dy="0"
                  style="font-family: "RedHatText",helvetica,arial,sans-serif; font-size: 14px; letter-spacing: normal; padding: 10px; stroke: var(--pf-v5-chart-global--label--stroke, transparent); fill: var(--pf-v5-chart-axis--tick-label--Fill, #4f5255); text-anchor: middle;"
                  text-anchor="middle"
                  x="181.8181818181818"
                >
                  Apr
                </tspan>
              </text>
            </g>
            <g
              role="presentation"
            >
              <line
                role="presentation"
                shape-rendering="auto"
                style="stroke: var(--pf-v5-chart-axis--tick--stroke--Color, #d2d2d2); fill: var(--pf-v5-chart-axis--tick--Fill, transparent); size: 5px; stroke-linecap: round; stroke-linejoin: round; stroke-width: 1;"
                vector-effect="non-scaling-stroke"
                x1="209.0909090909091"
                x2="209.0909090909091"
                y1="200"
                y2="205"
              />
              <text
                direction="inherit"
                dx="0"
                id="monthly-ridership-ChartAxis-0-ChartLabel-4"
                x="209.0909090909091"
                y="226.97"
              >
                <tspan
                  dx="0"
                  dy="0"
                  style="font-family: "RedHatText",helvetica,arial,sans-serif; font-size: 14px; letter-spacing: normal; padding: 10px; stroke: var(--pf-v5-chart-global--label--stroke, transparent); fill: var(--pf-v5-chart-axis--tick-label--Fill, #4f5255); text-anchor: middle;"
                  text-anchor="middle"
                  x="209.0909090909091"
                >
                  May
                </tspan>
              </text>
            </g>
            <g
              role="presentation"
            >
              <line
                role="presentation"
                shape-rendering="auto"
                style="stroke: var(--pf-v5-chart-axis--tick--stroke--Color, #d2d2d2); fill: var(--pf-v5-chart-axis--tick--Fill, transparent); size: 5px; stroke-linecap: round; stroke-linejoin: round; stroke-width: 1;"
                vector-effect="non-scaling-stroke"
                x1="236.36363636363635"
                x2="236.36363636363635"
                y1="200"
                y2="205"
              />
              <text
                direction="inherit"
                dx="0"
                id="monthly-ridership-ChartAxis-0-ChartLabel-5"
                x="236.36363636363635"
                y="226.97"
              >
                <tspan
                  dx="0"
                  dy="0"
                  style="font-family: "RedHatText",helvetica,arial,sans-serif; font-size: 14px; letter-spacing: normal; padding: 10px; stroke: var(--pf-v5-chart-global--label--stroke, transparent); fill: var(--pf-v5-chart-axis--tick-label--Fill, #4f5255); text-anchor: middle;"
                  text-anchor="middle"
                  x="236.36363636363635"
                >
                  Jun
                </tspan>
              </text>
            </g>
            <g
              role="presentation"
            >
              <line
                role="presentation"
                shape-rendering="auto"
                style="stroke: var(--pf-v5-chart-axis--tick--stroke--Color, #d2d2d2); fill: var(--pf-v5-chart-axis--tick--Fill, transparent); size: 5px; stroke-linecap: round; stroke-linejoin: round; stroke-width: 1;"
                vector-effect="non-scaling-stroke"
                x1="263.6363636363636"
                x2="263.6363636363636"
                y1="200"
                y2="205"
              />
              <text
                direction="inherit"
                dx="0"
                id="monthly-ridership-ChartAxis-0-ChartLabel-6"
                x="263.6363636363636"
                y="226.97"
              >
                <tspan
                  dx="0"
                  dy="0"
                  style="font-family: "RedHatText",helvetica,arial,sans-serif; font-size: 14px; letter-spacing: normal; padding: 10px; stroke: var(--pf-v5-chart-global--label--stroke, transparent); fill: var(--pf-v5-chart-axis--tick-label--Fill, #4f5255); text-anchor: middle;"
                  text-anchor="middle"
                  x="263.6363636363636"
                >
                  Jul
                </tspan>
              </text>
            </g>
            <g
              role="presentation"
            >
              <line
                role="presentation"
                shape-rendering="auto"
                style="stroke: var(--pf-v5-chart-axis--tick--stroke--Color, #d2d2d2); fill: var(--pf-v5-chart-axis--tick--Fill, transparent); size: 5px; stroke-linecap: round; stroke-linejoin: round; stroke-width: 1;"
                vector-effect="non-scaling-stroke"
                x1="290.9090909090909"
                x2="290.9090909090909"
                y1="200"
                y2="205"
              />
              <text
                direction="inherit"
                dx="0"
                id="monthly-ridership-ChartAxis-0-ChartLabel-7"
                x="290.9090909090909"
                y="226.97"
              >
                <tspan
                  dx="0"
                  dy="0"
                  style="font-family: "RedHatText",helvetica,arial,sans-serif; font-size: 14px; letter-spacing: normal; padding: 10px; stroke: var(--pf-v5-chart-global--label--stroke, transparent); fill: var(--pf-v5-chart-axis--tick-label--Fill, #4f5255); text-anchor: middle;"
                  text-anchor="middle"
                  x="290.9090909090909"
                >
                  Aug
                </tspan>
              </text>
            </g>
            <g
              role="presentation"
            >
              <line
                role="presentation"
                shape-rendering="auto"
                style="stroke: var(--pf-v5-chart-axis--tick--stroke--Color, #d2d2d2); fill: var(--pf-v5-chart-axis--tick--Fill, transparent); size: 5px; stroke-linecap: round; stroke-linejoin: round; stroke-width: 1;"
                vector-effect="non-scaling-stroke"
                x1="318.1818181818182"
                x2="318.1818181818182"
                y1="200"
                y2="205"
              />
              <text
                direction="inherit"
                dx="0"
                id="monthly-ridership-ChartAxis-0-ChartLabel-8"
                x="318.1818181818182"
                y="226.97"
              >
                <tspan
                  dx="0"
                  dy="0"
                  style="font-family: "RedHatText",helvetica,arial,sans-serif; font-size: 14px; letter-spacing: normal; padding: 10px; stroke: var(--pf-v5-chart-global--label--stroke, transparent); fill: var(--pf-v5-chart-axis--tick-label--Fill, #4f5255); text-anchor: middle;"
                  text-anchor="middle"
                  x="318.1818181818182"
                >
                  Sep
                </tspan>
              </text>
            </g>
            <g
              role="presentation"
            >
              <line
                role="presentation"
                shape-rendering="auto"
                style="stroke: var(--pf-v5-chart-axis--tick--stroke--Color, #d2d2d2); fill: var(--pf-v5-chart-axis--tick--Fill, transparent); size: 5px; stroke-linecap: round; stroke-linejoin: round; stroke-width: 1;"
                vector-effect="non-scaling-stroke"
                x1="345.4545454545455"
                x2="345.4545454545455"
                y1="200"
                y2="205"
              />
              <text
                direction="inherit"
                dx="0"
                id="monthly-ridership-ChartAxis-0-ChartLabel-9"
                x="345.4545454545455"
                y="226.97"
              >
                <tspan
                  dx="0"
                  dy="0"
                  style="font-family: "RedHatText",helvetica,arial,sans-serif; font-size: 14px; letter-spacing: normal; padding: 10px; stroke: var(--pf-v5-chart-global--label--stroke, transparent); fill: var(--pf-v5-chart-axis--tick-label--Fill, #4f5255); text-anchor: middle;"
                  text-anchor="middle"
                  x="345.4545454545455"
                >
                  Oct
                </tspan>
              </text>
            </g>
            <g
              role="presentation"
            >
              <line
                role="presentation"
                shape-rendering="auto"
                style="stroke: var(--pf-v5-chart-axis--tick--stroke--Color, #d2d2d2); fill: var(--pf-v5-chart-axis--tick--Fill, transparent); size: 5px; stroke-linecap: round; stroke-linejoin: round; stroke-width: 1;"
                vector-effect="non-scaling-stroke"
                x1="372.72727272727275"
                x2="372.72727272727275"
                y1="200"
                y2="205"
              />
              <text
                direction="inherit"
                dx="0"
                id="monthly-ridership-ChartAxis-0-ChartLabel-10"
                x="372.72727272727275"
                y="226.97"
              >
                <tspan
                  dx="0"
                  dy="0"
                  style="font-family: "RedHatText",helvetica,arial,sans-serif; font-size: 14px; letter-spacing: normal; padding: 10px; stroke: var(--pf-v5-chart-global--label--stroke, transparent); fill: var(--pf-v5-chart-axis--tick-label--Fill, #4f5255); text-anchor: middle;"
                  text-anchor="middle"
                  x="372.72727272727275"
                >
                  Nov
                </tspan>
              </text>
            </g>
            <g
              role="presentation"
            >
              <line
                role="presentation"
                shape-rendering="auto"
                style="stroke: var(--pf-v5-chart-axis--tick--stroke--Color, #d2d2d2); fill: var(--pf-v5-chart-axis--tick--Fill, transparent); size: 5px; stroke-linecap: round; stroke-linejoin: round; stroke-width: 1;"
                vector-effect="non-scaling-stroke"
                x1="400"
                x2="400"
                y1="200"
                y2="205"
              />
              <text
                direction="inherit"
                dx="0"
                id="monthly-ridership-ChartAxis-0-ChartLabel-11"
                x="400"
                y="226.97"
              >
                <tspan
                  dx="0"
                  dy="0"
                  style="font-family: "RedHatText",helvetica,arial,sans-serif; font-size: 14px; letter-spacing: normal; padding: 10px; stroke: var(--pf-v5-chart-global--label--stroke, transparent); fill: var(--pf-v5-chart-axis--tick-label--Fill, #4f5255); text-anchor: middle;"
                  text-anchor="middle"
                  x="400"
                >
                  Dec
                </tspan>
              </text>
            </g>
          </g>
          <g
            role="presentation"
          >
            <line
              role="presentation"
              shape-rendering="auto"
              style="stroke: var(--pf-v5-chart-axis--axis--stroke--Color, #d2d2d2); fill: var(--pf-v5-chart-axis--axis--Fill, transparent); stroke-width: 1; stroke-linecap: round; stroke-linejoin: round;"
              vector-effect="non-scaling-stroke"
              x1="100"
              x2="100"
              y1="50"
              y2="200"
            />
            <g
              role="presentation"
            >
              <line
                role="presentation"
                shape-rendering="auto"
                style="stroke: var(--pf-v5-chart-axis--grid--stroke--Color, #d2d2d2); fill: var(--pf-v5-chart-axis--grid--Fill, none); pointer-events: painted; stroke-linecap: round; stroke-linejoin: round;"
                vector-effect="non-scaling-stroke"
                x1="100"
                x2="400"
                y1="125"
                y2="125"
              />
              <line
                role="presentation"
                shape-rendering="auto"
                style="stroke: var(--pf-v5-chart-axis--tick--stroke--Color, #d2d2d2); fill: var(--pf-v5-chart-axis--tick--Fill, transparent); size: 5px; stroke-linecap: round; stroke-linejoin: round; stroke-width: 1;"
                vector-effect="non-scaling-stroke"
                x1="100"
                x2="95"
                y1="125"
                y2="125"
              />
              <text
                direction="inherit"
                dx="0"
                id="monthly-ridership-ChartAxis-1-ChartLabel-0"
                x="85"
                y="129.97"
              >
                <tspan
                  dx="0"
                  dy="0"
                  style="font-family: "RedHatText",helvetica,arial,sans-serif; font-size: 14px; letter-spacing: normal; padding: 10px; stroke: var(--pf-v5-chart-global--label--stroke, transparent); fill: var(--pf-v5-chart-axis--tick-label--Fill, #4f5255); text-anchor: end;"
                  text-anchor="end"
                  x="85"
                >
                  3,000
                </tspan>
              </text>
            </g>
          </g>
          <g>
            <g
              clip-path="url(#victory-clip-2)"
              style="height: 100%; width: 100%; user-select: none;"
            >
              <defs>
                <clippath
                  id="victory-clip-2"
                >
                  <rect
                    height="150"
                    vector-effect="non-scaling-stroke"
                    width="300"
                    x="100"
                    y="50"
                  />
                </clippath>
              </defs>
              <path
                d="M154.54545454545456,125L181.8181818181818,125"
                role="presentation"
                shape-rendering="auto"
                style="fill: none; stroke: var(--pf-v5-chart-theme--multi-color-unordered--ColorScale--100, #06c); pointer-events: stroke; width: 75px; opacity: 1; stroke-width: 2;"
              />
            </g>
          </g>
          <g>
            <g>
              <path
                d="M 154.54545454545456, 125
      m -3, 0
      a 3, 3 0 1,0 6,0
      a 3, 3 0 1,0 -6,0"
                role="presentation"
                shape-rendering="auto"
                style="width: 75px; fill: var(--pf-v5-chart-theme--multi-color-unordered--ColorScale--100, #06c); opacity: 1; stroke: var(--pf-v5-chart-scatter--data--stroke--Color, transparent); stroke-width: 0;"
              />
              <path
                d="M 181.8181818181818, 125
      m -3, 0
      a 3, 3 0 1,0 6,0
      a 3, 3 0 1,0 -6,0"
                role="presentation"
                shape-rendering="auto"
                style="width: 75px; fill: var(--pf-v5-chart-theme--multi-color-unordered--ColorScale--100, #06c); opacity: 1; stroke: var(--pf-v5-chart-scatter--data--stroke--Color, transparent); stroke-width: 0;"
              />
            </g>
          </g>
          <g>
            <rect
              height="14"
              role="presentation"
              shape-rendering="auto"
              style="fill: none;"
              vector-effect="non-scaling-stroke"
              width="39.6"
              x="416"
              y="120"
            />
            <path
              d="M 425.128, 138.872
      h9.744000000000028
      v-9.744000000000028
      h-9.744000000000028
      z"
              role="presentation"
              shape-rendering="auto"
              style="fill: var(--pf-v5-chart-theme--multi-color-unordered--ColorScale--100, #06c);"
            />
            <text
              direction="inherit"
              dx="0"
              id="monthly-ridership-ChartLegend-ChartLabel-0"
              x="446.8"
              y="138.97"
            >
              <tspan
                dx="0"
                dy="0"
                style="font-family: "RedHatText",helvetica,arial,sans-serif; font-size: 14px; letter-spacing: normal; padding: 10px; stroke: var(--pf-v5-chart-global--label--stroke, transparent); fill: var(--pf-v5-chart-global--label--Fill, #151515);"
                text-anchor="start"
                x="446.8"
              >
                1900
              </tspan>
            </text>
          </g>
        </svg>
        <div
          style="width: 100%; height: 100%; z-index: 99; position: absolute; top: 0px; left: 0px;"
        >
          <svg
            height="250"
            style="width: 100%; height: 100%; overflow: visible;"
            viewBox="0 0 600 250"
            width="600"
          />
        </div>
      </div>
      <h3
        class="pf-v6-c-title pf-m-h3"
        data-ouia-component-id="OUIA-Generated-Title-3"
        data-ouia-component-type="PF6/Title"
        data-ouia-safe="true"
      >
        On Time Performance
      </h3>
      <div
        class="pf-v5-c-chart"
        style="height: 100%; width: 100%; user-select: none; pointer-events: none; position: relative;"
      >
        <svg
          height="250"
          role="img"
          style="width: 100%; height: 100%; pointer-events: all;"
          viewBox="0 0 600 250"
          width="600"
        >
          <g
            role="presentation"
          >
            <line
              role="presentation"
              shape-rendering="auto"
              style="stroke: var(--pf-v5-chart-axis--axis--stroke--Color, #d2d2d2); fill: var(--pf-v5-chart-axis--axis--Fill, transparent); stroke-width: 1; stroke-linecap: round; stroke-linejoin: round;"
              vector-effect="non-scaling-stroke"
              x1="100"
              x2="400"
              y1="200"
              y2="200"
            />
            <g
              role="presentation"
            >
              <line
                role="presentation"
                shape-rendering="auto"
                style="stroke: var(--pf-v5-chart-axis--tick--stroke--Color, #d2d2d2); fill: var(--pf-v5-chart-axis--tick--Fill, transparent); size: 5px; stroke-linecap: round; stroke-linejoin: round; stroke-width: 1;"
                vector-effect="non-scaling-stroke"
                x1="100"
                x2="100"
                y1="200"
                y2="205"
              />
              <text
                direction="inherit"
                dx="0"
                id="monthly-otp-ChartAxis-0-ChartLabel-0"
                x="100"
                y="226.97"
              >
                <tspan
                  dx="0"
                  dy="0"
                  style="font-family: "RedHatText",helvetica,arial,sans-serif; font-size: 14px; letter-spacing: normal; padding: 10px; stroke: var(--pf-v5-chart-global--label--stroke, transparent); fill: var(--pf-v5-chart-axis--tick-label--Fill, #4f5255); text-anchor: middle;"
                  text-anchor="middle"
                  x="100"
                >
                  Jan
                </tspan>
              </text>
            </g>
            <g
              role="presentation"
            >
              <line
                role="presentation"
                shape-rendering="auto"
                style="stroke: var(--pf-v5-chart-axis--tick--stroke--Color, #d2d2d2); fill: var(--pf-v5-chart-axis--tick--Fill, transparent); size: 5px; stroke-linecap: round; stroke-linejoin: round; stroke-width: 1;"
                vector-effect="non-scaling-stroke"
                x1="127.27272727272728"
                x2="127.27272727272728"
                y1="200"
                y2="205"
              />
              <text
                direction="inherit"
                dx="0"
                id="monthly-otp-ChartAxis-0-ChartLabel-1"
                x="127.27272727272728"
                y="226.97"
              >
                <tspan
                  dx="0"
                  dy="0"
                  style="font-family: "RedHatText",helvetica,arial,sans-serif; font-size: 14px; letter-spacing: normal; padding: 10px; stroke: var(--pf-v5-chart-global--label--stroke, transparent); fill: var(--pf-v5-chart-axis--tick-label--Fill, #4f5255); text-anchor: middle;"
                  text-anchor="middle"
                  x="127.27272727272728"
                >
                  Feb
                </tspan>
              </text>
            </g>
            <g
              role="presentation"
            >
              <line
                role="presentation"
                shape-rendering="auto"
                style="stroke: var(--pf-v5-chart-axis--tick--stroke--Color, #d2d2d2); fill: var(--pf-v5-chart-axis--tick--Fill, transparent); size: 5px; stroke-linecap: round; stroke-linejoin: round; stroke-width: 1;"
                vector-effect="non-scaling-stroke"
                x1="154.54545454545456"
                x2="154.54545454545456"
                y1="200"
                y2="205"
              />
              <text
                direction="inherit"
                dx="0"
                id="monthly-otp-ChartAxis-0-ChartLabel-2"
                x="154.54545454545456"
                y="226.97"
              >
                <tspan
                  dx="0"
                  dy="0"
                  style="font-family: "RedHatText",helvetica,arial,sans-serif; font-size: 14px; letter-spacing: normal; padding: 10px; stroke: var(--pf-v5-chart-global--label--stroke, transparent); fill: var(--pf-v5-chart-axis--tick-label--Fill, #4f5255); text-anchor: middle;"
                  text-anchor="middle"
                  x="154.54545454545456"
                >
                  Mar
                </tspan>
              </text>
            </g>
            <g
              role="presentation"
            >
              <line
                role="presentation"
                shape-rendering="auto"
                style="stroke: var(--pf-v5-chart-axis--tick--stroke--Color, #d2d2d2); fill: var(--pf-v5-chart-axis--tick--Fill, transparent); size: 5px; stroke-linecap: round; stroke-linejoin: round; stroke-width: 1;"
                vector-effect="non-scaling-stroke"
                x1="181.8181818181818"
                x2="181.8181818181818"
                y1="200"
                y2="205"
              />
              <text
                direction="inherit"
                dx="0"
                id="monthly-otp-ChartAxis-0-ChartLabel-3"
                x="181.8181818181818"
                y="226.97"
              >
                <tspan
                  dx="0"
                  dy="0"
                  style="font-family: "RedHatText",helvetica,arial,sans-serif; font-size: 14px; letter-spacing: normal; padding: 10px; stroke: var(--pf-v5-chart-global--label--stroke, transparent); fill: var(--pf-v5-chart-axis--tick-label--Fill, #4f5255); text-anchor: middle;"
                  text-anchor="middle"
                  x="181.8181818181818"
                >
                  Apr
                </tspan>
              </text>
            </g>
            <g
              role="presentation"
            >
              <line
                role="presentation"
                shape-rendering="auto"
                style="stroke: var(--pf-v5-chart-axis--tick--stroke--Color, #d2d2d2); fill: var(--pf-v5-chart-axis--tick--Fill, transparent); size: 5px; stroke-linecap: round; stroke-linejoin: round; stroke-width: 1;"
                vector-effect="non-scaling-stroke"
                x1="209.0909090909091"
                x2="209.0909090909091"
                y1="200"
                y2="205"
              />
              <text
                direction="inherit"
                dx="0"
                id="monthly-otp-ChartAxis-0-ChartLabel-4"
                x="209.0909090909091"
                y="226.97"
              >
                <tspan
                  dx="0"
                  dy="0"
                  style="font-family: "RedHatText",helvetica,arial,sans-serif; font-size: 14px; letter-spacing: normal; padding: 10px; stroke: var(--pf-v5-chart-global--label--stroke, transparent); fill: var(--pf-v5-chart-axis--tick-label--Fill, #4f5255); text-anchor: middle;"
                  text-anchor="middle"
                  x="209.0909090909091"
                >
                  May
                </tspan>
              </text>
            </g>
            <g
              role="presentation"
            >
              <line
                role="presentation"
                shape-rendering="auto"
                style="stroke: var(--pf-v5-chart-axis--tick--stroke--Color, #d2d2d2); fill: var(--pf-v5-chart-axis--tick--Fill, transparent); size: 5px; stroke-linecap: round; stroke-linejoin: round; stroke-width: 1;"
                vector-effect="non-scaling-stroke"
                x1="236.36363636363635"
                x2="236.36363636363635"
                y1="200"
                y2="205"
              />
              <text
                direction="inherit"
                dx="0"
                id="monthly-otp-ChartAxis-0-ChartLabel-5"
                x="236.36363636363635"
                y="226.97"
              >
                <tspan
                  dx="0"
                  dy="0"
                  style="font-family: "RedHatText",helvetica,arial,sans-serif; font-size: 14px; letter-spacing: normal; padding: 10px; stroke: var(--pf-v5-chart-global--label--stroke, transparent); fill: var(--pf-v5-chart-axis--tick-label--Fill, #4f5255); text-anchor: middle;"
                  text-anchor="middle"
                  x="236.36363636363635"
                >
                  Jun
                </tspan>
              </text>
            </g>
            <g
              role="presentation"
            >
              <line
                role="presentation"
                shape-rendering="auto"
                style="stroke: var(--pf-v5-chart-axis--tick--stroke--Color, #d2d2d2); fill: var(--pf-v5-chart-axis--tick--Fill, transparent); size: 5px; stroke-linecap: round; stroke-linejoin: round; stroke-width: 1;"
                vector-effect="non-scaling-stroke"
                x1="263.6363636363636"
                x2="263.6363636363636"
                y1="200"
                y2="205"
              />
              <text
                direction="inherit"
                dx="0"
                id="monthly-otp-ChartAxis-0-ChartLabel-6"
                x="263.6363636363636"
                y="226.97"
              >
                <tspan
                  dx="0"
                  dy="0"
                  style="font-family: "RedHatText",helvetica,arial,sans-serif; font-size: 14px; letter-spacing: normal; padding: 10px; stroke: var(--pf-v5-chart-global--label--stroke, transparent); fill: var(--pf-v5-chart-axis--tick-label--Fill, #4f5255); text-anchor: middle;"
                  text-anchor="middle"
                  x="263.6363636363636"
                >
                  Jul
                </tspan>
              </text>
            </g>
            <g
              role="presentation"
            >
              <line
                role="presentation"
                shape-rendering="auto"
                style="stroke: var(--pf-v5-chart-axis--tick--stroke--Color, #d2d2d2); fill: var(--pf-v5-chart-axis--tick--Fill, transparent); size: 5px; stroke-linecap: round; stroke-linejoin: round; stroke-width: 1;"
                vector-effect="non-scaling-stroke"
                x1="290.9090909090909"
                x2="290.9090909090909"
                y1="200"
                y2="205"
              />
              <text
                direction="inherit"
                dx="0"
                id="monthly-otp-ChartAxis-0-ChartLabel-7"
                x="290.9090909090909"
                y="226.97"
              >
                <tspan
                  dx="0"
                  dy="0"
                  style="font-family: "RedHatText",helvetica,arial,sans-serif; font-size: 14px; letter-spacing: normal; padding: 10px; stroke: var(--pf-v5-chart-global--label--stroke, transparent); fill: var(--pf-v5-chart-axis--tick-label--Fill, #4f5255); text-anchor: middle;"
                  text-anchor="middle"
                  x="290.9090909090909"
                >
                  Aug
                </tspan>
              </text>
            </g>
            <g
              role="presentation"
            >
              <line
                role="presentation"
                shape-rendering="auto"
                style="stroke: var(--pf-v5-chart-axis--tick--stroke--Color, #d2d2d2); fill: var(--pf-v5-chart-axis--tick--Fill, transparent); size: 5px; stroke-linecap: round; stroke-linejoin: round; stroke-width: 1;"
                vector-effect="non-scaling-stroke"
                x1="318.1818181818182"
                x2="318.1818181818182"
                y1="200"
                y2="205"
              />
              <text
                direction="inherit"
                dx="0"
                id="monthly-otp-ChartAxis-0-ChartLabel-8"
                x="318.1818181818182"
                y="226.97"
              >
                <tspan
                  dx="0"
                  dy="0"
                  style="font-family: "RedHatText",helvetica,arial,sans-serif; font-size: 14px; letter-spacing: normal; padding: 10px; stroke: var(--pf-v5-chart-global--label--stroke, transparent); fill: var(--pf-v5-chart-axis--tick-label--Fill, #4f5255); text-anchor: middle;"
                  text-anchor="middle"
                  x="318.1818181818182"
                >
                  Sep
                </tspan>
              </text>
            </g>
            <g
              role="presentation"
            >
              <line
                role="presentation"
                shape-rendering="auto"
                style="stroke: var(--pf-v5-chart-axis--tick--stroke--Color, #d2d2d2); fill: var(--pf-v5-chart-axis--tick--Fill, transparent); size: 5px; stroke-linecap: round; stroke-linejoin: round; stroke-width: 1;"
                vector-effect="non-scaling-stroke"
                x1="345.4545454545455"
                x2="345.4545454545455"
                y1="200"
                y2="205"
              />
              <text
                direction="inherit"
                dx="0"
                id="monthly-otp-ChartAxis-0-ChartLabel-9"
                x="345.4545454545455"
                y="226.97"
              >
                <tspan
                  dx="0"
                  dy="0"
                  style="font-family: "RedHatText",helvetica,arial,sans-serif; font-size: 14px; letter-spacing: normal; padding: 10px; stroke: var(--pf-v5-chart-global--label--stroke, transparent); fill: var(--pf-v5-chart-axis--tick-label--Fill, #4f5255); text-anchor: middle;"
                  text-anchor="middle"
                  x="345.4545454545455"
                >
                  Oct
                </tspan>
              </text>
            </g>
            <g
              role="presentation"
            >
              <line
                role="presentation"
                shape-rendering="auto"
                style="stroke: var(--pf-v5-chart-axis--tick--stroke--Color, #d2d2d2); fill: var(--pf-v5-chart-axis--tick--Fill, transparent); size: 5px; stroke-linecap: round; stroke-linejoin: round; stroke-width: 1;"
                vector-effect="non-scaling-stroke"
                x1="372.72727272727275"
                x2="372.72727272727275"
                y1="200"
                y2="205"
              />
              <text
                direction="inherit"
                dx="0"
                id="monthly-otp-ChartAxis-0-ChartLabel-10"
                x="372.72727272727275"
                y="226.97"
              >
                <tspan
                  dx="0"
                  dy="0"
                  style="font-family: "RedHatText",helvetica,arial,sans-serif; font-size: 14px; letter-spacing: normal; padding: 10px; stroke: var(--pf-v5-chart-global--label--stroke, transparent); fill: var(--pf-v5-chart-axis--tick-label--Fill, #4f5255); text-anchor: middle;"
                  text-anchor="middle"
                  x="372.72727272727275"
                >
                  Nov
                </tspan>
              </text>
            </g>
            <g
              role="presentation"
            >
              <line
                role="presentation"
                shape-rendering="auto"
                style="stroke: var(--pf-v5-chart-axis--tick--stroke--Color, #d2d2d2); fill: var(--pf-v5-chart-axis--tick--Fill, transparent); size: 5px; stroke-linecap: round; stroke-linejoin: round; stroke-width: 1;"
                vector-effect="non-scaling-stroke"
                x1="400"
                x2="400"
                y1="200"
                y2="205"
              />
              <text
                direction="inherit"
                dx="0"
                id="monthly-otp-ChartAxis-0-ChartLabel-11"
                x="400"
                y="226.97"
              >
                <tspan
                  dx="0"
                  dy="0"
                  style="font-family: "RedHatText",helvetica,arial,sans-serif; font-size: 14px; letter-spacing: normal; padding: 10px; stroke: var(--pf-v5-chart-global--label--stroke, transparent); fill: var(--pf-v5-chart-axis--tick-label--Fill, #4f5255); text-anchor: middle;"
                  text-anchor="middle"
                  x="400"
                >
                  Dec
                </tspan>
              </text>
            </g>
          </g>
          <g
            role="presentation"
          >
            <line
              role="presentation"
              shape-rendering="auto"
              style="stroke: var(--pf-v5-chart-axis--axis--stroke--Color, #d2d2d2); fill: var(--pf-v5-chart-axis--axis--Fill, transparent); stroke-width: 1; stroke-linecap: round; stroke-linejoin: round;"
              vector-effect="non-scaling-stroke"
              x1="100"
              x2="100"
              y1="50"
              y2="200"
            />
            <g
              role="presentation"
            >
              <line
                role="presentation"
                shape-rendering="auto"
                style="stroke: var(--pf-v5-chart-axis--grid--stroke--Color, #d2d2d2); fill: var(--pf-v5-chart-axis--grid--Fill, none); pointer-events: painted; stroke-linecap: round; stroke-linejoin: round;"
                vector-effect="non-scaling-stroke"
                x1="100"
                x2="400"
                y1="200"
                y2="200"
              />
              <line
                role="presentation"
                shape-rendering="auto"
                style="stroke: var(--pf-v5-chart-axis--tick--stroke--Color, #d2d2d2); fill: var(--pf-v5-chart-axis--tick--Fill, transparent); size: 5px; stroke-linecap: round; stroke-linejoin: round; stroke-width: 1;"
                vector-effect="non-scaling-stroke"
                x1="100"
                x2="95"
                y1="200"
                y2="200"
              />
              <text
                direction="inherit"
                dx="0"
                id="monthly-otp-ChartAxis-1-ChartLabel-0"
                x="85"
                y="204.97"
              >
                <tspan
                  dx="0"
                  dy="0"
                  style="font-family: "RedHatText",helvetica,arial,sans-serif; font-size: 14px; letter-spacing: normal; padding: 10px; stroke: var(--pf-v5-chart-global--label--stroke, transparent); fill: var(--pf-v5-chart-axis--tick-label--Fill, #4f5255); text-anchor: end;"
                  text-anchor="end"
                  x="85"
                >
                  70%
                </tspan>
              </text>
            </g>
            <g
              role="presentation"
            >
              <line
                role="presentation"
                shape-rendering="auto"
                style="stroke: var(--pf-v5-chart-axis--grid--stroke--Color, #d2d2d2); fill: var(--pf-v5-chart-axis--grid--Fill, none); pointer-events: painted; stroke-linecap: round; stroke-linejoin: round;"
                vector-effect="non-scaling-stroke"
                x1="100"
                x2="400"
                y1="162.5"
                y2="162.5"
              />
              <line
                role="presentation"
                shape-rendering="auto"
                style="stroke: var(--pf-v5-chart-axis--tick--stroke--Color, #d2d2d2); fill: var(--pf-v5-chart-axis--tick--Fill, transparent); size: 5px; stroke-linecap: round; stroke-linejoin: round; stroke-width: 1;"
                vector-effect="non-scaling-stroke"
                x1="100"
                x2="95"
                y1="162.5"
                y2="162.5"
              />
              <text
                direction="inherit"
                dx="0"
                id="monthly-otp-ChartAxis-1-ChartLabel-1"
                x="85"
                y="167.47"
              >
                <tspan
                  dx="0"
                  dy="0"
                  style="font-family: "RedHatText",helvetica,arial,sans-serif; font-size: 14px; letter-spacing: normal; padding: 10px; stroke: var(--pf-v5-chart-global--label--stroke, transparent); fill: var(--pf-v5-chart-axis--tick-label--Fill, #4f5255); text-anchor: end;"
                  text-anchor="end"
                  x="85"
                >
                  72.5%
                </tspan>
              </text>
            </g>
            <g
              role="presentation"
            >
              <line
                role="presentation"
                shape-rendering="auto"
                style="stroke: var(--pf-v5-chart-axis--grid--stroke--Color, #d2d2d2); fill: var(--pf-v5-chart-axis--grid--Fill, none); pointer-events: painted; stroke-linecap: round; stroke-linejoin: round;"
                vector-effect="non-scaling-stroke"
                x1="100"
                x2="400"
                y1="125"
                y2="125"
              />
              <line
                role="presentation"
                shape-rendering="auto"
                style="stroke: var(--pf-v5-chart-axis--tick--stroke--Color, #d2d2d2); fill: var(--pf-v5-chart-axis--tick--Fill, transparent); size: 5px; stroke-linecap: round; stroke-linejoin: round; stroke-width: 1;"
                vector-effect="non-scaling-stroke"
                x1="100"
                x2="95"
                y1="125"
                y2="125"
              />
              <text
                direction="inherit"
                dx="0"
                id="monthly-otp-ChartAxis-1-ChartLabel-2"
                x="85"
                y="129.97"
              >
                <tspan
                  dx="0"
                  dy="0"
                  style="font-family: "RedHatText",helvetica,arial,sans-serif; font-size: 14px; letter-spacing: normal; padding: 10px; stroke: var(--pf-v5-chart-global--label--stroke, transparent); fill: var(--pf-v5-chart-axis--tick-label--Fill, #4f5255); text-anchor: end;"
                  text-anchor="end"
                  x="85"
                >
                  75%
                </tspan>
              </text>
            </g>
            <g
              role="presentation"
            >
              <line
                role="presentation"
                shape-rendering="auto"
                style="stroke: var(--pf-v5-chart-axis--grid--stroke--Color, #d2d2d2); fill: var(--pf-v5-chart-axis--grid--Fill, none); pointer-events: painted; stroke-linecap: round; stroke-linejoin: round;"
                vector-effect="non-scaling-stroke"
                x1="100"
                x2="400"
                y1="87.5"
                y2="87.5"
              />
              <line
                role="presentation"
                shape-rendering="auto"
                style="stroke: var(--pf-v5-chart-axis--tick--stroke--Color, #d2d2d2); fill: var(--pf-v5-chart-axis--tick--Fill, transparent); size: 5px; stroke-linecap: round; stroke-linejoin: round; stroke-width: 1;"
                vector-effect="non-scaling-stroke"
                x1="100"
                x2="95"
                y1="87.5"
                y2="87.5"
              />
              <text
                direction="inherit"
                dx="0"
                id="monthly-otp-ChartAxis-1-ChartLabel-3"
                x="85"
                y="92.47"
              >
                <tspan
                  dx="0"
                  dy="0"
                  style="font-family: "RedHatText",helvetica,arial,sans-serif; font-size: 14px; letter-spacing: normal; padding: 10px; stroke: var(--pf-v5-chart-global--label--stroke, transparent); fill: var(--pf-v5-chart-axis--tick-label--Fill, #4f5255); text-anchor: end;"
                  text-anchor="end"
                  x="85"
                >
                  77.5%
                </tspan>
              </text>
            </g>
            <g
              role="presentation"
            >
              <line
                role="presentation"
                shape-rendering="auto"
                style="stroke: var(--pf-v5-chart-axis--grid--stroke--Color, #d2d2d2); fill: var(--pf-v5-chart-axis--grid--Fill, none); pointer-events: painted; stroke-linecap: round; stroke-linejoin: round;"
                vector-effect="non-scaling-stroke"
                x1="100"
                x2="400"
                y1="50"
                y2="50"
              />
              <line
                role="presentation"
                shape-rendering="auto"
                style="stroke: var(--pf-v5-chart-axis--tick--stroke--Color, #d2d2d2); fill: var(--pf-v5-chart-axis--tick--Fill, transparent); size: 5px; stroke-linecap: round; stroke-linejoin: round; stroke-width: 1;"
                vector-effect="non-scaling-stroke"
                x1="100"
                x2="95"
                y1="50"
                y2="50"
              />
              <text
                direction="inherit"
                dx="0"
                id="monthly-otp-ChartAxis-1-ChartLabel-4"
                x="85"
                y="54.97"
              >
                <tspan
                  dx="0"
                  dy="0"
                  style="font-family: "RedHatText",helvetica,arial,sans-serif; font-size: 14px; letter-spacing: normal; padding: 10px; stroke: var(--pf-v5-chart-global--label--stroke, transparent); fill: var(--pf-v5-chart-axis--tick-label--Fill, #4f5255); text-anchor: end;"
                  text-anchor="end"
                  x="85"
                >
                  80%
                </tspan>
              </text>
            </g>
          </g>
          <g>
            <g
              clip-path="url(#victory-clip-4)"
              style="height: 100%; width: 100%; user-select: none;"
            >
              <defs>
                <clippath
                  id="victory-clip-4"
                >
                  <rect
                    height="150"
                    vector-effect="non-scaling-stroke"
                    width="300"
                    x="100"
                    y="50"
                  />
                </clippath>
              </defs>
              <path
                d="M154.54545454545456,125L181.8181818181818,125"
                role="presentation"
                shape-rendering="auto"
                style="fill: none; stroke: var(--pf-v5-chart-theme--multi-color-unordered--ColorScale--100, #06c); pointer-events: stroke; width: 75px; opacity: 1; stroke-width: 2;"
              />
            </g>
          </g>
          <g>
            <g>
              <path
                d="M 154.54545454545456, 125
      m -3, 0
      a 3, 3 0 1,0 6,0
      a 3, 3 0 1,0 -6,0"
                role="presentation"
                shape-rendering="auto"
                style="width: 75px; fill: var(--pf-v5-chart-theme--multi-color-unordered--ColorScale--100, #06c); opacity: 1; stroke: var(--pf-v5-chart-scatter--data--stroke--Color, transparent); stroke-width: 0;"
              />
              <path
                d="M 181.8181818181818, 125
      m -3, 0
      a 3, 3 0 1,0 6,0
      a 3, 3 0 1,0 -6,0"
                role="presentation"
                shape-rendering="auto"
                style="width: 75px; fill: var(--pf-v5-chart-theme--multi-color-unordered--ColorScale--100, #06c); opacity: 1; stroke: var(--pf-v5-chart-scatter--data--stroke--Color, transparent); stroke-width: 0;"
              />
            </g>
          </g>
          <g>
            <rect
              height="14"
              role="presentation"
              shape-rendering="auto"
              style="fill: none;"
              vector-effect="non-scaling-stroke"
              width="39.6"
              x="416"
              y="120"
            />
            <path
              d="M 425.128, 138.872
      h9.744000000000028
      v-9.744000000000028
      h-9.744000000000028
      z"
              role="presentation"
              shape-rendering="auto"
              style="fill: var(--pf-v5-chart-theme--multi-color-unordered--ColorScale--100, #06c);"
            />
            <text
              direction="inherit"
              dx="0"
              id="monthly-otp-ChartLegend-ChartLabel-0"
              x="446.8"
              y="138.97"
            >
              <tspan
                dx="0"
                dy="0"
                style="font-family: "RedHatText",helvetica,arial,sans-serif; font-size: 14px; letter-spacing: normal; padding: 10px; stroke: var(--pf-v5-chart-global--label--stroke, transparent); fill: var(--pf-v5-chart-global--label--Fill, #151515);"
                text-anchor="start"
                x="446.8"
              >
                1900
              </tspan>
            </text>
          </g>
        </svg>
        <div
          style="width: 100%; height: 100%; z-index: 99; position: absolute; top: 0px; left: 0px;"
        >
          <svg
            height="250"
            style="width: 100%; height: 100%; overflow: visible;"
            viewBox="0 0 600 250"
            width="600"
          />
        </div>
      </div>
      <h3
        class="pf-v6-c-title pf-m-h3"
        data-ouia-component-id="OUIA-Generated-Title-4"
        data-ouia-component-type="PF6/Title"
        data-ouia-safe="true"
      >
        Notes
      </h3>
      <ul
        class="pf-v6-c-content--ul pf-m-plain"
        data-ouia-component-id="OUIA-Generated-Content-3"
        data-ouia-component-type="PF6/Content"
        data-ouia-safe="true"
        data-pf-content="true"
      >
        <li
          class="pf-v6-c-content--li"
          data-ouia-component-id="OUIA-Generated-Content-4"
          data-ouia-component-type="PF6/Content"
          data-ouia-safe="true"
          data-pf-content="true"
        >
          Services only on this corridor was suspended from April 2020 to September 2021 due to the pandemic.
        </li>
        <li
          class="pf-v6-c-content--li"
          data-ouia-component-id="OUIA-Generated-Content-5"
          data-ouia-component-type="PF6/Content"
          data-ouia-safe="true"
          data-pf-content="true"
        >
          In September 2021, service was extended from Richmond Staple Mills station to Richmond Main Street station.
        </li>
      </ul>
    </div>
  </section>
</DocumentFragment>
`;
